2021-04-09-22_15_30

Experimental details:
    Model     : resnet18
    Optimizer : sgd
    Learning  : 0.01
    Global Rounds   : 10

    Federated parameters:
    IID
    Local Batch size   : 128
    Local Epochs       : 10

    num_users   : 16
    shared_data   : 0.5
    pretrained_model   : ./unsupervised_pretrain/checkpoint/cifar10_resnet18_CE_None_exp_0.01_pretrain_rot/ckpt.best.pth.tar
ResNet(
  (conv1): Conv2d(3, 64, kernel_size=(3, 3), stride=(1, 1), padding=(1, 1), bias=False)
  (bn1): BatchNorm2d(64, eps=1e-05, momentum=0.1, affine=True, track_running_stats=True)
  (layer1): Sequential(
    (0): BasicBlock(
      (conv1): Conv2d(64, 64, kernel_size=(3, 3), stride=(1, 1), padding=(1, 1), bias=False)
      (bn1): BatchNorm2d(64, eps=1e-05, momentum=0.1, affine=True, track_running_stats=True)
      (conv2): Conv2d(64, 64, kernel_size=(3, 3), stride=(1, 1), padding=(1, 1), bias=False)
      (bn2): BatchNorm2d(64, eps=1e-05, momentum=0.1, affine=True, track_running_stats=True)
      (shortcut): Sequential()
    )
    (1): BasicBlock(
      (conv1): Conv2d(64, 64, kernel_size=(3, 3), stride=(1, 1), padding=(1, 1), bias=False)
      (bn1): BatchNorm2d(64, eps=1e-05, momentum=0.1, affine=True, track_running_stats=True)
      (conv2): Conv2d(64, 64, kernel_size=(3, 3), stride=(1, 1), padding=(1, 1), bias=False)
      (bn2): BatchNorm2d(64, eps=1e-05, momentum=0.1, affine=True, track_running_stats=True)
      (shortcut): Sequential()
    )
  )
  (layer2): Sequential(
    (0): BasicBlock(
      (conv1): Conv2d(64, 128, kernel_size=(3, 3), stride=(2, 2), padding=(1, 1), bias=False)
      (bn1): BatchNorm2d(128, eps=1e-05, momentum=0.1, affine=True, track_running_stats=True)
      (conv2): Conv2d(128, 128, kernel_size=(3, 3), stride=(1, 1), padding=(1, 1), bias=False)
      (bn2): BatchNorm2d(128, eps=1e-05, momentum=0.1, affine=True, track_running_stats=True)
      (shortcut): Sequential(
        (0): Conv2d(64, 128, kernel_size=(1, 1), stride=(2, 2), bias=False)
        (1): BatchNorm2d(128, eps=1e-05, momentum=0.1, affine=True, track_running_stats=True)
      )
    )
    (1): BasicBlock(
      (conv1): Conv2d(128, 128, kernel_size=(3, 3), stride=(1, 1), padding=(1, 1), bias=False)
      (bn1): BatchNorm2d(128, eps=1e-05, momentum=0.1, affine=True, track_running_stats=True)
      (conv2): Conv2d(128, 128, kernel_size=(3, 3), stride=(1, 1), padding=(1, 1), bias=False)
      (bn2): BatchNorm2d(128, eps=1e-05, momentum=0.1, affine=True, track_running_stats=True)
      (shortcut): Sequential()
    )
  )
  (layer3): Sequential(
    (0): BasicBlock(
      (conv1): Conv2d(128, 256, kernel_size=(3, 3), stride=(2, 2), padding=(1, 1), bias=False)
      (bn1): BatchNorm2d(256, eps=1e-05, momentum=0.1, affine=True, track_running_stats=True)
      (conv2): Conv2d(256, 256, kernel_size=(3, 3), stride=(1, 1), padding=(1, 1), bias=False)
      (bn2): BatchNorm2d(256, eps=1e-05, momentum=0.1, affine=True, track_running_stats=True)
      (shortcut): Sequential(
        (0): Conv2d(128, 256, kernel_size=(1, 1), stride=(2, 2), bias=False)
        (1): BatchNorm2d(256, eps=1e-05, momentum=0.1, affine=True, track_running_stats=True)
      )
    )
    (1): BasicBlock(
      (conv1): Conv2d(256, 256, kernel_size=(3, 3), stride=(1, 1), padding=(1, 1), bias=False)
      (bn1): BatchNorm2d(256, eps=1e-05, momentum=0.1, affine=True, track_running_stats=True)
      (conv2): Conv2d(256, 256, kernel_size=(3, 3), stride=(1, 1), padding=(1, 1), bias=False)
      (bn2): BatchNorm2d(256, eps=1e-05, momentum=0.1, affine=True, track_running_stats=True)
      (shortcut): Sequential()
    )
  )
  (layer4): Sequential(
    (0): BasicBlock(
      (conv1): Conv2d(256, 512, kernel_size=(3, 3), stride=(2, 2), padding=(1, 1), bias=False)
      (bn1): BatchNorm2d(512, eps=1e-05, momentum=0.1, affine=True, track_running_stats=True)
      (conv2): Conv2d(512, 512, kernel_size=(3, 3), stride=(1, 1), padding=(1, 1), bias=False)
      (bn2): BatchNorm2d(512, eps=1e-05, momentum=0.1, affine=True, track_running_stats=True)
      (shortcut): Sequential(
        (0): Conv2d(256, 512, kernel_size=(1, 1), stride=(2, 2), bias=False)
        (1): BatchNorm2d(512, eps=1e-05, momentum=0.1, affine=True, track_running_stats=True)
      )
    )
    (1): BasicBlock(
      (conv1): Conv2d(512, 512, kernel_size=(3, 3), stride=(1, 1), padding=(1, 1), bias=False)
      (bn1): BatchNorm2d(512, eps=1e-05, momentum=0.1, affine=True, track_running_stats=True)
      (conv2): Conv2d(512, 512, kernel_size=(3, 3), stride=(1, 1), padding=(1, 1), bias=False)
      (bn2): BatchNorm2d(512, eps=1e-05, momentum=0.1, affine=True, track_running_stats=True)
      (shortcut): Sequential()
    )
  )
  (linear): Linear(in_features=512, out_features=10, bias=True)
)
===> Pretrained weights found in total: [120]
===> Pre-trained model loaded: ./unsupervised_pretrain/checkpoint/cifar10_resnet18_CE_None_exp_0.01_pretrain_rot/ckpt.best.pth.tar

 | Global Training Round : 1 |

Global:0, user:0, size:1562 loss: 0.5810
Global:0, user:1, size:1562 loss: 0.5808
Global:0, user:2, size:1562 loss: 0.5811
Global:0, user:3, size:1562 loss: 0.5792
Global:0, user:4, size:1562 loss: 0.5842
Global:0, user:5, size:1562 loss: 0.5824
Global:0, user:6, size:1562 loss: 0.5826
Global:0, user:7, size:1562 loss: 0.5836
Global:0, user:8, size:1562 loss: 0.5848
Global:0, user:9, size:1562 loss: 0.5799
Global:0, user:10, size:1562 loss: 0.5805
Global:0, user:11, size:1562 loss: 0.5818
Global:0, user:12, size:1562 loss: 0.5814
Global:0, user:13, size:1562 loss: 0.5823
Global:0, user:14, size:1562 loss: 0.5826
Global:0, user:15, size:1562 loss: 0.5806
 
Avg Training Stats after 1 global rounds:
Training Loss : 0.5818088351636946
Train Accuracy: 88.97% 
Test Accuracy: 86.63% 
Best Test Accuracy: 86.63% 


 | Global Training Round : 2 |

Global:1, user:0, size:1562 loss: 0.2638
Global:1, user:1, size:1562 loss: 0.2590
Global:1, user:2, size:1562 loss: 0.2620
Global:1, user:3, size:1562 loss: 0.2640
Global:1, user:4, size:1562 loss: 0.2610
Global:1, user:5, size:1562 loss: 0.2626
Global:1, user:6, size:1562 loss: 0.2610
Global:1, user:7, size:1562 loss: 0.2626
Global:1, user:8, size:1562 loss: 0.2633
Global:1, user:9, size:1562 loss: 0.2618
Global:1, user:10, size:1562 loss: 0.2613
Global:1, user:11, size:1562 loss: 0.2601
Global:1, user:12, size:1562 loss: 0.2632
Global:1, user:13, size:1562 loss: 0.2616
Global:1, user:14, size:1562 loss: 0.2612
Global:1, user:15, size:1562 loss: 0.2625
 
Avg Training Stats after 2 global rounds:
Training Loss : 0.4218770872039806
Train Accuracy: 94.91% 
Test Accuracy: 89.72% 
Best Test Accuracy: 89.72% 


 | Global Training Round : 3 |

Global:2, user:0, size:1562 loss: 0.1563
Global:2, user:1, size:1562 loss: 0.1557
Global:2, user:2, size:1562 loss: 0.1560
Global:2, user:3, size:1562 loss: 0.1577
Global:2, user:4, size:1562 loss: 0.1575
Global:2, user:5, size:1562 loss: 0.1564
Global:2, user:6, size:1562 loss: 0.1571
Global:2, user:7, size:1562 loss: 0.1566
Global:2, user:8, size:1562 loss: 0.1584
Global:2, user:9, size:1562 loss: 0.1571
Global:2, user:10, size:1562 loss: 0.1581
Global:2, user:11, size:1562 loss: 0.1555
Global:2, user:12, size:1562 loss: 0.1567
Global:2, user:13, size:1562 loss: 0.1565
Global:2, user:14, size:1562 loss: 0.1570
Global:2, user:15, size:1562 loss: 0.1570
 
Avg Training Stats after 3 global rounds:
Training Loss : 0.33353844672021343
Train Accuracy: 97.76% 
Test Accuracy: 90.57% 
Best Test Accuracy: 90.57% 


 | Global Training Round : 4 |

Global:3, user:0, size:1562 loss: 0.0959
Global:3, user:1, size:1562 loss: 0.0945
Global:3, user:2, size:1562 loss: 0.0971
Global:3, user:3, size:1562 loss: 0.0971
Global:3, user:4, size:1562 loss: 0.0968
Global:3, user:5, size:1562 loss: 0.0958
Global:3, user:6, size:1562 loss: 0.0951
Global:3, user:7, size:1562 loss: 0.0955
Global:3, user:8, size:1562 loss: 0.0969
Global:3, user:9, size:1562 loss: 0.0957
Global:3, user:10, size:1562 loss: 0.0950
Global:3, user:11, size:1562 loss: 0.0943
Global:3, user:12, size:1562 loss: 0.0971
Global:3, user:13, size:1562 loss: 0.0938
Global:3, user:14, size:1562 loss: 0.0961
Global:3, user:15, size:1562 loss: 0.0967
 
Avg Training Stats after 4 global rounds:
Training Loss : 0.27411119844060666
Train Accuracy: 98.87% 
Test Accuracy: 91.00% 
Best Test Accuracy: 91.00% 


 | Global Training Round : 5 |

Global:4, user:0, size:1562 loss: 0.0585
Global:4, user:1, size:1562 loss: 0.0582
Global:4, user:2, size:1562 loss: 0.0592
Global:4, user:3, size:1562 loss: 0.0601
Global:4, user:4, size:1562 loss: 0.0612
Global:4, user:5, size:1562 loss: 0.0583
Global:4, user:6, size:1562 loss: 0.0588
Global:4, user:7, size:1562 loss: 0.0589
Global:4, user:8, size:1562 loss: 0.0609
Global:4, user:9, size:1562 loss: 0.0594
Global:4, user:10, size:1562 loss: 0.0603
Global:4, user:11, size:1562 loss: 0.0580
Global:4, user:12, size:1562 loss: 0.0597
Global:4, user:13, size:1562 loss: 0.0603
Global:4, user:14, size:1562 loss: 0.0592
Global:4, user:15, size:1562 loss: 0.0604
 
Avg Training Stats after 5 global rounds:
Training Loss : 0.23118115268176695
Train Accuracy: 99.20% 
Test Accuracy: 91.26% 
Best Test Accuracy: 91.26% 


 | Global Training Round : 6 |

Global:5, user:0, size:1562 loss: 0.0379
Global:5, user:1, size:1562 loss: 0.0368
Global:5, user:2, size:1562 loss: 0.0383
Global:5, user:3, size:1562 loss: 0.0372
Global:5, user:4, size:1562 loss: 0.0381
Global:5, user:5, size:1562 loss: 0.0380
Global:5, user:6, size:1562 loss: 0.0372
Global:5, user:7, size:1562 loss: 0.0375
Global:5, user:8, size:1562 loss: 0.0385
Global:5, user:9, size:1562 loss: 0.0386
Global:5, user:10, size:1562 loss: 0.0370
Global:5, user:11, size:1562 loss: 0.0369
Global:5, user:12, size:1562 loss: 0.0388
Global:5, user:13, size:1562 loss: 0.0378
Global:5, user:14, size:1562 loss: 0.0379
Global:5, user:15, size:1562 loss: 0.0391
 
Avg Training Stats after 6 global rounds:
Training Loss : 0.19895638166740123
Train Accuracy: 99.45% 
Test Accuracy: 91.44% 
Best Test Accuracy: 91.44% 


 | Global Training Round : 7 |

Global:6, user:0, size:1562 loss: 0.0267
Global:6, user:1, size:1562 loss: 0.0254
Global:6, user:2, size:1562 loss: 0.0259
Global:6, user:3, size:1562 loss: 0.0269
Global:6, user:4, size:1562 loss: 0.0263
Global:6, user:5, size:1562 loss: 0.0263
Global:6, user:6, size:1562 loss: 0.0261
Global:6, user:7, size:1562 loss: 0.0252
Global:6, user:8, size:1562 loss: 0.0280
Global:6, user:9, size:1562 loss: 0.0272
Global:6, user:10, size:1562 loss: 0.0272
Global:6, user:11, size:1562 loss: 0.0258
Global:6, user:12, size:1562 loss: 0.0271
Global:6, user:13, size:1562 loss: 0.0266
Global:6, user:14, size:1562 loss: 0.0264
Global:6, user:15, size:1562 loss: 0.0263
 
Avg Training Stats after 7 global rounds:
Training Loss : 0.1743147662168527
Train Accuracy: 99.46% 
Test Accuracy: 91.65% 
Best Test Accuracy: 91.65% 


 | Global Training Round : 8 |

Global:7, user:0, size:1562 loss: 0.0213
Global:7, user:1, size:1562 loss: 0.0203
Global:7, user:2, size:1562 loss: 0.0209
Global:7, user:3, size:1562 loss: 0.0216
Global:7, user:4, size:1562 loss: 0.0222
Global:7, user:5, size:1562 loss: 0.0212
Global:7, user:6, size:1562 loss: 0.0210
Global:7, user:7, size:1562 loss: 0.0211
Global:7, user:8, size:1562 loss: 0.0221
Global:7, user:9, size:1562 loss: 0.0218
Global:7, user:10, size:1562 loss: 0.0220
Global:7, user:11, size:1562 loss: 0.0198
Global:7, user:12, size:1562 loss: 0.0219
Global:7, user:13, size:1562 loss: 0.0207
Global:7, user:14, size:1562 loss: 0.0204
Global:7, user:15, size:1562 loss: 0.0213
 
Avg Training Stats after 8 global rounds:
Training Loss : 0.15517824786124595
Train Accuracy: 99.50% 
Test Accuracy: 91.69% 
Best Test Accuracy: 91.69% 


 | Global Training Round : 9 |

Global:8, user:0, size:1562 loss: 0.0194
Global:8, user:1, size:1562 loss: 0.0183
Global:8, user:2, size:1562 loss: 0.0198
Global:8, user:3, size:1562 loss: 0.0198
Global:8, user:4, size:1562 loss: 0.0201
Global:8, user:5, size:1562 loss: 0.0194
Global:8, user:6, size:1562 loss: 0.0194
Global:8, user:7, size:1562 loss: 0.0188
Global:8, user:8, size:1562 loss: 0.0195
Global:8, user:9, size:1562 loss: 0.0205
Global:8, user:10, size:1562 loss: 0.0200
Global:8, user:11, size:1562 loss: 0.0185
Global:8, user:12, size:1562 loss: 0.0203
Global:8, user:13, size:1562 loss: 0.0190
Global:8, user:14, size:1562 loss: 0.0192
Global:8, user:15, size:1562 loss: 0.0199
 
Avg Training Stats after 9 global rounds:
Training Loss : 0.1401021175265039
Train Accuracy: 99.49% 
Test Accuracy: 91.76% 
Best Test Accuracy: 91.76% 


 | Global Training Round : 10 |

Global:9, user:0, size:1562 loss: 0.0209
Global:9, user:1, size:1562 loss: 0.0196
Global:9, user:2, size:1562 loss: 0.0204
Global:9, user:3, size:1562 loss: 0.0207
Global:9, user:4, size:1562 loss: 0.0214
Global:9, user:5, size:1562 loss: 0.0202
Global:9, user:6, size:1562 loss: 0.0200
Global:9, user:7, size:1562 loss: 0.0194
Global:9, user:8, size:1562 loss: 0.0217
Global:9, user:9, size:1562 loss: 0.0210
Global:9, user:10, size:1562 loss: 0.0215
Global:9, user:11, size:1562 loss: 0.0191
Global:9, user:12, size:1562 loss: 0.0213
Global:9, user:13, size:1562 loss: 0.0198
Global:9, user:14, size:1562 loss: 0.0201
Global:9, user:15, size:1562 loss: 0.0203
 
Avg Training Stats after 10 global rounds:
Training Loss : 0.1281376719208793
Train Accuracy: 99.56% 
Test Accuracy: 91.79% 
Best Test Accuracy: 91.79% 

 
 Results after 10 global rounds of training:
|---- Avg Train Accuracy: 99.56%
|---- Test Accuracy: 91.79%

 Total Run Time: 62262.6045
