2021-04-09-22_50_44

Experimental details:
    Model     : resnet18
    Optimizer : sgd
    Learning  : 0.01
    Global Rounds   : 10

    Federated parameters:
    Non-IID
    Local Batch size   : 256
    Local Epochs       : 10

    num_users   : 16
    shared_data   : 0.3
    pretrained_model   : ./unsupervised_pretrain/checkpoint/cifar10_resnet18_CE_None_exp_0.01_pretrain_rot/ckpt.best.pth.tar
ResNet(
  (conv1): Conv2d(3, 64, kernel_size=(3, 3), stride=(1, 1), padding=(1, 1), bias=False)
  (bn1): BatchNorm2d(64, eps=1e-05, momentum=0.1, affine=True, track_running_stats=True)
  (layer1): Sequential(
    (0): BasicBlock(
      (conv1): Conv2d(64, 64, kernel_size=(3, 3), stride=(1, 1), padding=(1, 1), bias=False)
      (bn1): BatchNorm2d(64, eps=1e-05, momentum=0.1, affine=True, track_running_stats=True)
      (conv2): Conv2d(64, 64, kernel_size=(3, 3), stride=(1, 1), padding=(1, 1), bias=False)
      (bn2): BatchNorm2d(64, eps=1e-05, momentum=0.1, affine=True, track_running_stats=True)
      (shortcut): Sequential()
    )
    (1): BasicBlock(
      (conv1): Conv2d(64, 64, kernel_size=(3, 3), stride=(1, 1), padding=(1, 1), bias=False)
      (bn1): BatchNorm2d(64, eps=1e-05, momentum=0.1, affine=True, track_running_stats=True)
      (conv2): Conv2d(64, 64, kernel_size=(3, 3), stride=(1, 1), padding=(1, 1), bias=False)
      (bn2): BatchNorm2d(64, eps=1e-05, momentum=0.1, affine=True, track_running_stats=True)
      (shortcut): Sequential()
    )
  )
  (layer2): Sequential(
    (0): BasicBlock(
      (conv1): Conv2d(64, 128, kernel_size=(3, 3), stride=(2, 2), padding=(1, 1), bias=False)
      (bn1): BatchNorm2d(128, eps=1e-05, momentum=0.1, affine=True, track_running_stats=True)
      (conv2): Conv2d(128, 128, kernel_size=(3, 3), stride=(1, 1), padding=(1, 1), bias=False)
      (bn2): BatchNorm2d(128, eps=1e-05, momentum=0.1, affine=True, track_running_stats=True)
      (shortcut): Sequential(
        (0): Conv2d(64, 128, kernel_size=(1, 1), stride=(2, 2), bias=False)
        (1): BatchNorm2d(128, eps=1e-05, momentum=0.1, affine=True, track_running_stats=True)
      )
    )
    (1): BasicBlock(
      (conv1): Conv2d(128, 128, kernel_size=(3, 3), stride=(1, 1), padding=(1, 1), bias=False)
      (bn1): BatchNorm2d(128, eps=1e-05, momentum=0.1, affine=True, track_running_stats=True)
      (conv2): Conv2d(128, 128, kernel_size=(3, 3), stride=(1, 1), padding=(1, 1), bias=False)
      (bn2): BatchNorm2d(128, eps=1e-05, momentum=0.1, affine=True, track_running_stats=True)
      (shortcut): Sequential()
    )
  )
  (layer3): Sequential(
    (0): BasicBlock(
      (conv1): Conv2d(128, 256, kernel_size=(3, 3), stride=(2, 2), padding=(1, 1), bias=False)
      (bn1): BatchNorm2d(256, eps=1e-05, momentum=0.1, affine=True, track_running_stats=True)
      (conv2): Conv2d(256, 256, kernel_size=(3, 3), stride=(1, 1), padding=(1, 1), bias=False)
      (bn2): BatchNorm2d(256, eps=1e-05, momentum=0.1, affine=True, track_running_stats=True)
      (shortcut): Sequential(
        (0): Conv2d(128, 256, kernel_size=(1, 1), stride=(2, 2), bias=False)
        (1): BatchNorm2d(256, eps=1e-05, momentum=0.1, affine=True, track_running_stats=True)
      )
    )
    (1): BasicBlock(
      (conv1): Conv2d(256, 256, kernel_size=(3, 3), stride=(1, 1), padding=(1, 1), bias=False)
      (bn1): BatchNorm2d(256, eps=1e-05, momentum=0.1, affine=True, track_running_stats=True)
      (conv2): Conv2d(256, 256, kernel_size=(3, 3), stride=(1, 1), padding=(1, 1), bias=False)
      (bn2): BatchNorm2d(256, eps=1e-05, momentum=0.1, affine=True, track_running_stats=True)
      (shortcut): Sequential()
    )
  )
  (layer4): Sequential(
    (0): BasicBlock(
      (conv1): Conv2d(256, 512, kernel_size=(3, 3), stride=(2, 2), padding=(1, 1), bias=False)
      (bn1): BatchNorm2d(512, eps=1e-05, momentum=0.1, affine=True, track_running_stats=True)
      (conv2): Conv2d(512, 512, kernel_size=(3, 3), stride=(1, 1), padding=(1, 1), bias=False)
      (bn2): BatchNorm2d(512, eps=1e-05, momentum=0.1, affine=True, track_running_stats=True)
      (shortcut): Sequential(
        (0): Conv2d(256, 512, kernel_size=(1, 1), stride=(2, 2), bias=False)
        (1): BatchNorm2d(512, eps=1e-05, momentum=0.1, affine=True, track_running_stats=True)
      )
    )
    (1): BasicBlock(
      (conv1): Conv2d(512, 512, kernel_size=(3, 3), stride=(1, 1), padding=(1, 1), bias=False)
      (bn1): BatchNorm2d(512, eps=1e-05, momentum=0.1, affine=True, track_running_stats=True)
      (conv2): Conv2d(512, 512, kernel_size=(3, 3), stride=(1, 1), padding=(1, 1), bias=False)
      (bn2): BatchNorm2d(512, eps=1e-05, momentum=0.1, affine=True, track_running_stats=True)
      (shortcut): Sequential()
    )
  )
  (linear): Linear(in_features=512, out_features=10, bias=True)
)
===> Pretrained weights found in total: [120]
===> Pre-trained model loaded: ./unsupervised_pretrain/checkpoint/cifar10_resnet18_CE_None_exp_0.01_pretrain_rot/ckpt.best.pth.tar

 | Global Training Round : 1 |

Global:0, user:0, size:2049 loss: 0.6843
Global:0, user:1, size:3342 loss: 0.6601
Global:0, user:2, size:3458 loss: 0.6612
Global:0, user:3, size:3416 loss: 0.6725
Global:0, user:4, size:3317 loss: 0.6538
Global:0, user:5, size:1983 loss: 0.6767
Global:0, user:6, size:4154 loss: 0.6520
Global:0, user:7, size:3317 loss: 0.6633
Global:0, user:8, size:3127 loss: 0.6786
Global:0, user:9, size:2748 loss: 0.6614
Global:0, user:10, size:3165 loss: 0.6690
Global:0, user:11, size:2514 loss: 0.6711
Global:0, user:12, size:4255 loss: 0.6566
Global:0, user:13, size:1928 loss: 0.6766
Global:0, user:14, size:3334 loss: 0.6672
Global:0, user:15, size:3893 loss: 0.6613
 
Avg Training Stats after 1 global rounds:
Training Loss : 0.6665994741334053
Train Accuracy: 86.47% 
Test Accuracy: 85.17% 
Best Test Accuracy: 85.17% 


 | Global Training Round : 2 |

Global:1, user:0, size:2049 loss: 0.3202
Global:1, user:1, size:3342 loss: 0.3101
Global:1, user:2, size:3458 loss: 0.3148
Global:1, user:3, size:3416 loss: 0.3196
Global:1, user:4, size:3317 loss: 0.3063
Global:1, user:5, size:1983 loss: 0.3168
Global:1, user:6, size:4154 loss: 0.3086
Global:1, user:7, size:3317 loss: 0.3134
Global:1, user:8, size:3127 loss: 0.3228
Global:1, user:9, size:2748 loss: 0.3096
Global:1, user:10, size:3165 loss: 0.3168
Global:1, user:11, size:2514 loss: 0.3129
Global:1, user:12, size:4255 loss: 0.3114
Global:1, user:13, size:1928 loss: 0.3169
Global:1, user:14, size:3334 loss: 0.3157
Global:1, user:15, size:3893 loss: 0.3132
 
Avg Training Stats after 2 global rounds:
Training Loss : 0.4904638273368761
Train Accuracy: 92.12% 
Test Accuracy: 88.94% 
Best Test Accuracy: 88.94% 


 | Global Training Round : 3 |

Global:2, user:0, size:2049 loss: 0.2123
Global:2, user:1, size:3342 loss: 0.2060
Global:2, user:2, size:3458 loss: 0.2081
Global:2, user:3, size:3416 loss: 0.2180
Global:2, user:4, size:3317 loss: 0.2023
Global:2, user:5, size:1983 loss: 0.2089
Global:2, user:6, size:4154 loss: 0.2025
Global:2, user:7, size:3317 loss: 0.2078
Global:2, user:8, size:3127 loss: 0.2166
Global:2, user:9, size:2748 loss: 0.2051
Global:2, user:10, size:3165 loss: 0.2123
Global:2, user:11, size:2514 loss: 0.2069
Global:2, user:12, size:4255 loss: 0.2058
Global:2, user:13, size:1928 loss: 0.2097
Global:2, user:14, size:3334 loss: 0.2106
Global:2, user:15, size:3893 loss: 0.2067
 
Avg Training Stats after 3 global rounds:
Training Loss : 0.39655182040508546
Train Accuracy: 95.38% 
Test Accuracy: 90.00% 
Best Test Accuracy: 90.00% 


 | Global Training Round : 4 |

Global:3, user:0, size:2049 loss: 0.1432
Global:3, user:1, size:3342 loss: 0.1375
Global:3, user:2, size:3458 loss: 0.1412
Global:3, user:3, size:3416 loss: 0.1473
Global:3, user:4, size:3317 loss: 0.1371
Global:3, user:5, size:1983 loss: 0.1401
Global:3, user:6, size:4154 loss: 0.1369
Global:3, user:7, size:3317 loss: 0.1404
Global:3, user:8, size:3127 loss: 0.1464
Global:3, user:9, size:2748 loss: 0.1370
Global:3, user:10, size:3165 loss: 0.1453
Global:3, user:11, size:2514 loss: 0.1383
Global:3, user:12, size:4255 loss: 0.1402
Global:3, user:13, size:1928 loss: 0.1413
Global:3, user:14, size:3334 loss: 0.1415
Global:3, user:15, size:3893 loss: 0.1392
 
Avg Training Stats after 4 global rounds:
Training Loss : 0.3326156132420756
Train Accuracy: 97.43% 
Test Accuracy: 90.67% 
Best Test Accuracy: 90.67% 


 | Global Training Round : 5 |

Global:4, user:0, size:2049 loss: 0.0948
Global:4, user:1, size:3342 loss: 0.0922
Global:4, user:2, size:3458 loss: 0.0952
Global:4, user:3, size:3416 loss: 0.1007
Global:4, user:4, size:3317 loss: 0.0909
Global:4, user:5, size:1983 loss: 0.0931
Global:4, user:6, size:4154 loss: 0.0914
Global:4, user:7, size:3317 loss: 0.0942
Global:4, user:8, size:3127 loss: 0.0985
Global:4, user:9, size:2748 loss: 0.0914
Global:4, user:10, size:3165 loss: 0.0993
Global:4, user:11, size:2514 loss: 0.0925
Global:4, user:12, size:4255 loss: 0.0944
Global:4, user:13, size:1928 loss: 0.0929
Global:4, user:14, size:3334 loss: 0.0946
Global:4, user:15, size:3893 loss: 0.0936
 
Avg Training Stats after 5 global rounds:
Training Loss : 0.2849639722833259
Train Accuracy: 98.50% 
Test Accuracy: 90.97% 
Best Test Accuracy: 90.97% 


 | Global Training Round : 6 |

Global:5, user:0, size:2049 loss: 0.0639
Global:5, user:1, size:3342 loss: 0.0621
Global:5, user:2, size:3458 loss: 0.0653
Global:5, user:3, size:3416 loss: 0.0719
Global:5, user:4, size:3317 loss: 0.0613
Global:5, user:5, size:1983 loss: 0.0622
Global:5, user:6, size:4154 loss: 0.0627
Global:5, user:7, size:3317 loss: 0.0638
Global:5, user:8, size:3127 loss: 0.0677
Global:5, user:9, size:2748 loss: 0.0604
Global:5, user:10, size:3165 loss: 0.0678
Global:5, user:11, size:2514 loss: 0.0626
Global:5, user:12, size:4255 loss: 0.0650
Global:5, user:13, size:1928 loss: 0.0627
Global:5, user:14, size:3334 loss: 0.0646
Global:5, user:15, size:3893 loss: 0.0649
 
Avg Training Stats after 6 global rounds:
Training Loss : 0.24818813208509782
Train Accuracy: 99.09% 
Test Accuracy: 91.20% 
Best Test Accuracy: 91.20% 


 | Global Training Round : 7 |

Global:6, user:0, size:2049 loss: 0.0445
Global:6, user:1, size:3342 loss: 0.0436
Global:6, user:2, size:3458 loss: 0.0477
Global:6, user:3, size:3416 loss: 0.0545
Global:6, user:4, size:3317 loss: 0.0428
Global:6, user:5, size:1983 loss: 0.0433
Global:6, user:6, size:4154 loss: 0.0438
Global:6, user:7, size:3317 loss: 0.0457
Global:6, user:8, size:3127 loss: 0.0491
Global:6, user:9, size:2748 loss: 0.0436
Global:6, user:10, size:3165 loss: 0.0493
Global:6, user:11, size:2514 loss: 0.0438
Global:6, user:12, size:4255 loss: 0.0468
Global:6, user:13, size:1928 loss: 0.0448
Global:6, user:14, size:3334 loss: 0.0455
Global:6, user:15, size:3893 loss: 0.0463
 
Avg Training Stats after 7 global rounds:
Training Loss : 0.21929588791116847
Train Accuracy: 99.26% 
Test Accuracy: 91.32% 
Best Test Accuracy: 91.32% 


 | Global Training Round : 8 |

Global:7, user:0, size:2049 loss: 0.0354
Global:7, user:1, size:3342 loss: 0.0340
Global:7, user:2, size:3458 loss: 0.0361
Global:7, user:3, size:3416 loss: 0.0419
Global:7, user:4, size:3317 loss: 0.0328
Global:7, user:5, size:1983 loss: 0.0338
Global:7, user:6, size:4154 loss: 0.0349
Global:7, user:7, size:3317 loss: 0.0355
Global:7, user:8, size:3127 loss: 0.0388
Global:7, user:9, size:2748 loss: 0.0325
Global:7, user:10, size:3165 loss: 0.0370
Global:7, user:11, size:2514 loss: 0.0338
Global:7, user:12, size:4255 loss: 0.0364
Global:7, user:13, size:1928 loss: 0.0344
Global:7, user:14, size:3334 loss: 0.0362
Global:7, user:15, size:3893 loss: 0.0364
 
Avg Training Stats after 8 global rounds:
Training Loss : 0.1963366273088343
Train Accuracy: 99.44% 
Test Accuracy: 91.33% 
Best Test Accuracy: 91.33% 


 | Global Training Round : 9 |

Global:8, user:0, size:2049 loss: 0.0298
Global:8, user:1, size:3342 loss: 0.0299
Global:8, user:2, size:3458 loss: 0.0318
Global:8, user:3, size:3416 loss: 0.0348
Global:8, user:4, size:3317 loss: 0.0282
Global:8, user:5, size:1983 loss: 0.0286
Global:8, user:6, size:4154 loss: 0.0302
Global:8, user:7, size:3317 loss: 0.0310
Global:8, user:8, size:3127 loss: 0.0347
Global:8, user:9, size:2748 loss: 0.0277
Global:8, user:10, size:3165 loss: 0.0312
Global:8, user:11, size:2514 loss: 0.0289
Global:8, user:12, size:4255 loss: 0.0322
Global:8, user:13, size:1928 loss: 0.0290
Global:8, user:14, size:3334 loss: 0.0318
Global:8, user:15, size:3893 loss: 0.0317
 
Avg Training Stats after 9 global rounds:
Training Loss : 0.17793434831005783
Train Accuracy: 99.40% 
Test Accuracy: 91.39% 
Best Test Accuracy: 91.39% 


 | Global Training Round : 10 |

Global:9, user:0, size:2049 loss: 0.0287
Global:9, user:1, size:3342 loss: 0.0284
Global:9, user:2, size:3458 loss: 0.0305
Global:9, user:3, size:3416 loss: 0.0323
Global:9, user:4, size:3317 loss: 0.0274
Global:9, user:5, size:1983 loss: 0.0275
Global:9, user:6, size:4154 loss: 0.0293
Global:9, user:7, size:3317 loss: 0.0300
Global:9, user:8, size:3127 loss: 0.0345
Global:9, user:9, size:2748 loss: 0.0271
Global:9, user:10, size:3165 loss: 0.0305
Global:9, user:11, size:2514 loss: 0.0279
Global:9, user:12, size:4255 loss: 0.0314
Global:9, user:13, size:1928 loss: 0.0272
Global:9, user:14, size:3334 loss: 0.0302
Global:9, user:15, size:3893 loss: 0.0311
 
Avg Training Stats after 10 global rounds:
Training Loss : 0.16310356403497867
Train Accuracy: 99.42% 
Test Accuracy: 91.39% 
Best Test Accuracy: 91.39% 

 
 Results after 10 global rounds of training:
|---- Avg Train Accuracy: 99.42%
|---- Test Accuracy: 91.39%

 Total Run Time: 93754.9281
