2021-04-10-11_36_21

Experimental details:
    Model     : resnet18
    Optimizer : sgd
    Learning  : 0.01
    Global Rounds   : 10

    Federated parameters:
    IID
    Local Batch size   : 128
    Local Epochs       : 10

    num_users   : 16
    shared_data   : 0.0625
    pretrained_model   : ./unsupervised_pretrain/checkpoint/cifar10_resnet18_CE_None_exp_0.01_pretrain_rot/ckpt.best.pth.tar
ResNet(
  (conv1): Conv2d(3, 64, kernel_size=(3, 3), stride=(1, 1), padding=(1, 1), bias=False)
  (bn1): BatchNorm2d(64, eps=1e-05, momentum=0.1, affine=True, track_running_stats=True)
  (layer1): Sequential(
    (0): BasicBlock(
      (conv1): Conv2d(64, 64, kernel_size=(3, 3), stride=(1, 1), padding=(1, 1), bias=False)
      (bn1): BatchNorm2d(64, eps=1e-05, momentum=0.1, affine=True, track_running_stats=True)
      (conv2): Conv2d(64, 64, kernel_size=(3, 3), stride=(1, 1), padding=(1, 1), bias=False)
      (bn2): BatchNorm2d(64, eps=1e-05, momentum=0.1, affine=True, track_running_stats=True)
      (shortcut): Sequential()
    )
    (1): BasicBlock(
      (conv1): Conv2d(64, 64, kernel_size=(3, 3), stride=(1, 1), padding=(1, 1), bias=False)
      (bn1): BatchNorm2d(64, eps=1e-05, momentum=0.1, affine=True, track_running_stats=True)
      (conv2): Conv2d(64, 64, kernel_size=(3, 3), stride=(1, 1), padding=(1, 1), bias=False)
      (bn2): BatchNorm2d(64, eps=1e-05, momentum=0.1, affine=True, track_running_stats=True)
      (shortcut): Sequential()
    )
  )
  (layer2): Sequential(
    (0): BasicBlock(
      (conv1): Conv2d(64, 128, kernel_size=(3, 3), stride=(2, 2), padding=(1, 1), bias=False)
      (bn1): BatchNorm2d(128, eps=1e-05, momentum=0.1, affine=True, track_running_stats=True)
      (conv2): Conv2d(128, 128, kernel_size=(3, 3), stride=(1, 1), padding=(1, 1), bias=False)
      (bn2): BatchNorm2d(128, eps=1e-05, momentum=0.1, affine=True, track_running_stats=True)
      (shortcut): Sequential(
        (0): Conv2d(64, 128, kernel_size=(1, 1), stride=(2, 2), bias=False)
        (1): BatchNorm2d(128, eps=1e-05, momentum=0.1, affine=True, track_running_stats=True)
      )
    )
    (1): BasicBlock(
      (conv1): Conv2d(128, 128, kernel_size=(3, 3), stride=(1, 1), padding=(1, 1), bias=False)
      (bn1): BatchNorm2d(128, eps=1e-05, momentum=0.1, affine=True, track_running_stats=True)
      (conv2): Conv2d(128, 128, kernel_size=(3, 3), stride=(1, 1), padding=(1, 1), bias=False)
      (bn2): BatchNorm2d(128, eps=1e-05, momentum=0.1, affine=True, track_running_stats=True)
      (shortcut): Sequential()
    )
  )
  (layer3): Sequential(
    (0): BasicBlock(
      (conv1): Conv2d(128, 256, kernel_size=(3, 3), stride=(2, 2), padding=(1, 1), bias=False)
      (bn1): BatchNorm2d(256, eps=1e-05, momentum=0.1, affine=True, track_running_stats=True)
      (conv2): Conv2d(256, 256, kernel_size=(3, 3), stride=(1, 1), padding=(1, 1), bias=False)
      (bn2): BatchNorm2d(256, eps=1e-05, momentum=0.1, affine=True, track_running_stats=True)
      (shortcut): Sequential(
        (0): Conv2d(128, 256, kernel_size=(1, 1), stride=(2, 2), bias=False)
        (1): BatchNorm2d(256, eps=1e-05, momentum=0.1, affine=True, track_running_stats=True)
      )
    )
    (1): BasicBlock(
      (conv1): Conv2d(256, 256, kernel_size=(3, 3), stride=(1, 1), padding=(1, 1), bias=False)
      (bn1): BatchNorm2d(256, eps=1e-05, momentum=0.1, affine=True, track_running_stats=True)
      (conv2): Conv2d(256, 256, kernel_size=(3, 3), stride=(1, 1), padding=(1, 1), bias=False)
      (bn2): BatchNorm2d(256, eps=1e-05, momentum=0.1, affine=True, track_running_stats=True)
      (shortcut): Sequential()
    )
  )
  (layer4): Sequential(
    (0): BasicBlock(
      (conv1): Conv2d(256, 512, kernel_size=(3, 3), stride=(2, 2), padding=(1, 1), bias=False)
      (bn1): BatchNorm2d(512, eps=1e-05, momentum=0.1, affine=True, track_running_stats=True)
      (conv2): Conv2d(512, 512, kernel_size=(3, 3), stride=(1, 1), padding=(1, 1), bias=False)
      (bn2): BatchNorm2d(512, eps=1e-05, momentum=0.1, affine=True, track_running_stats=True)
      (shortcut): Sequential(
        (0): Conv2d(256, 512, kernel_size=(1, 1), stride=(2, 2), bias=False)
        (1): BatchNorm2d(512, eps=1e-05, momentum=0.1, affine=True, track_running_stats=True)
      )
    )
    (1): BasicBlock(
      (conv1): Conv2d(512, 512, kernel_size=(3, 3), stride=(1, 1), padding=(1, 1), bias=False)
      (bn1): BatchNorm2d(512, eps=1e-05, momentum=0.1, affine=True, track_running_stats=True)
      (conv2): Conv2d(512, 512, kernel_size=(3, 3), stride=(1, 1), padding=(1, 1), bias=False)
      (bn2): BatchNorm2d(512, eps=1e-05, momentum=0.1, affine=True, track_running_stats=True)
      (shortcut): Sequential()
    )
  )
  (linear): Linear(in_features=512, out_features=10, bias=True)
)
===> Pretrained weights found in total: [120]
===> Pre-trained model loaded: ./unsupervised_pretrain/checkpoint/cifar10_resnet18_CE_None_exp_0.01_pretrain_rot/ckpt.best.pth.tar

 | Global Training Round : 1 |

Global:0, user:0, size:2929 loss: 1.1916
Global:0, user:1, size:2929 loss: 1.1862
Global:0, user:2, size:2929 loss: 1.1775
Global:0, user:3, size:2929 loss: 1.1798
Global:0, user:4, size:2929 loss: 1.1720
Global:0, user:5, size:2929 loss: 1.1835
Global:0, user:6, size:2929 loss: 1.1715
Global:0, user:7, size:2929 loss: 1.1767
Global:0, user:8, size:2929 loss: 1.1854
Global:0, user:9, size:2929 loss: 1.1768
Global:0, user:10, size:2929 loss: 1.1906
Global:0, user:11, size:2929 loss: 1.1881
Global:0, user:12, size:2929 loss: 1.1816
Global:0, user:13, size:2929 loss: 1.1840
Global:0, user:14, size:2929 loss: 1.1805
Global:0, user:15, size:2929 loss: 1.1777
 
Avg Training Stats after 1 global rounds:
Training Loss : 1.1814635513816028
Train Accuracy: 72.24% 
Test Accuracy: 71.82% 
Best Test Accuracy: 71.82% 


 | Global Training Round : 2 |

Global:1, user:0, size:2929 loss: 0.5810
Global:1, user:1, size:2929 loss: 0.5734
Global:1, user:2, size:2929 loss: 0.5680
Global:1, user:3, size:2929 loss: 0.5653
Global:1, user:4, size:2929 loss: 0.5534
Global:1, user:5, size:2929 loss: 0.5727
Global:1, user:6, size:2929 loss: 0.5630
Global:1, user:7, size:2929 loss: 0.5733
Global:1, user:8, size:2929 loss: 0.5775
Global:1, user:9, size:2929 loss: 0.5787
Global:1, user:10, size:2929 loss: 0.5785
Global:1, user:11, size:2929 loss: 0.5699
Global:1, user:12, size:2929 loss: 0.5660
Global:1, user:13, size:2929 loss: 0.5761
Global:1, user:14, size:2929 loss: 0.5753
Global:1, user:15, size:2929 loss: 0.5655
 
Avg Training Stats after 2 global rounds:
Training Loss : 0.8762780533696058
Train Accuracy: 84.40% 
Test Accuracy: 81.10% 
Best Test Accuracy: 81.10% 


 | Global Training Round : 3 |

Global:2, user:0, size:2929 loss: 0.4055
Global:2, user:1, size:2929 loss: 0.4013
Global:2, user:2, size:2929 loss: 0.3988
Global:2, user:3, size:2929 loss: 0.3923
Global:2, user:4, size:2929 loss: 0.3810
Global:2, user:5, size:2929 loss: 0.4032
Global:2, user:6, size:2929 loss: 0.3899
Global:2, user:7, size:2929 loss: 0.4020
Global:2, user:8, size:2929 loss: 0.4084
Global:2, user:9, size:2929 loss: 0.4021
Global:2, user:10, size:2929 loss: 0.4088
Global:2, user:11, size:2929 loss: 0.3972
Global:2, user:12, size:2929 loss: 0.3907
Global:2, user:13, size:2929 loss: 0.4036
Global:2, user:14, size:2929 loss: 0.4027
Global:2, user:15, size:2929 loss: 0.4039
 
Avg Training Stats after 3 global rounds:
Training Loss : 0.7173401952779385
Train Accuracy: 88.73% 
Test Accuracy: 83.62% 
Best Test Accuracy: 83.62% 


 | Global Training Round : 4 |

Global:3, user:0, size:2929 loss: 0.3103
Global:3, user:1, size:2929 loss: 0.3123
Global:3, user:2, size:2929 loss: 0.3010
Global:3, user:3, size:2929 loss: 0.3059
Global:3, user:4, size:2929 loss: 0.2987
Global:3, user:5, size:2929 loss: 0.3139
Global:3, user:6, size:2929 loss: 0.3005
Global:3, user:7, size:2929 loss: 0.3097
Global:3, user:8, size:2929 loss: 0.3165
Global:3, user:9, size:2929 loss: 0.3131
Global:3, user:10, size:2929 loss: 0.3166
Global:3, user:11, size:2929 loss: 0.3128
Global:3, user:12, size:2929 loss: 0.3018
Global:3, user:13, size:2929 loss: 0.3156
Global:3, user:14, size:2929 loss: 0.3088
Global:3, user:15, size:2929 loss: 0.3089
 
Avg Training Stats after 4 global rounds:
Training Loss : 0.615291279254355
Train Accuracy: 90.92% 
Test Accuracy: 85.05% 
Best Test Accuracy: 85.05% 


 | Global Training Round : 5 |

Global:4, user:0, size:2929 loss: 0.2573
Global:4, user:1, size:2929 loss: 0.2542
Global:4, user:2, size:2929 loss: 0.2455
Global:4, user:3, size:2929 loss: 0.2497
Global:4, user:4, size:2929 loss: 0.2432
Global:4, user:5, size:2929 loss: 0.2586
Global:4, user:6, size:2929 loss: 0.2403
Global:4, user:7, size:2929 loss: 0.2544
Global:4, user:8, size:2929 loss: 0.2637
Global:4, user:9, size:2929 loss: 0.2582
Global:4, user:10, size:2929 loss: 0.2585
Global:4, user:11, size:2929 loss: 0.2556
Global:4, user:12, size:2929 loss: 0.2479
Global:4, user:13, size:2929 loss: 0.2587
Global:4, user:14, size:2929 loss: 0.2551
Global:4, user:15, size:2929 loss: 0.2597
 
Avg Training Stats after 5 global rounds:
Training Loss : 0.5429915469035039
Train Accuracy: 92.09% 
Test Accuracy: 85.93% 
Best Test Accuracy: 85.93% 


 | Global Training Round : 6 |

Global:5, user:0, size:2929 loss: 0.2229
Global:5, user:1, size:2929 loss: 0.2246
Global:5, user:2, size:2929 loss: 0.2118
Global:5, user:3, size:2929 loss: 0.2173
Global:5, user:4, size:2929 loss: 0.2087
Global:5, user:5, size:2929 loss: 0.2251
Global:5, user:6, size:2929 loss: 0.2071
Global:5, user:7, size:2929 loss: 0.2226
Global:5, user:8, size:2929 loss: 0.2312
Global:5, user:9, size:2929 loss: 0.2191
Global:5, user:10, size:2929 loss: 0.2260
Global:5, user:11, size:2929 loss: 0.2134
Global:5, user:12, size:2929 loss: 0.2177
Global:5, user:13, size:2929 loss: 0.2236
Global:5, user:14, size:2929 loss: 0.2228
Global:5, user:15, size:2929 loss: 0.2211
 
Avg Training Stats after 6 global rounds:
Training Loss : 0.4891059709622317
Train Accuracy: 92.67% 
Test Accuracy: 86.37% 
Best Test Accuracy: 86.37% 


 | Global Training Round : 7 |

Global:6, user:0, size:2929 loss: 0.2035
Global:6, user:1, size:2929 loss: 0.2062
Global:6, user:2, size:2929 loss: 0.1937
Global:6, user:3, size:2929 loss: 0.1999
Global:6, user:4, size:2929 loss: 0.1933
Global:6, user:5, size:2929 loss: 0.2066
Global:6, user:6, size:2929 loss: 0.1888
Global:6, user:7, size:2929 loss: 0.2023
Global:6, user:8, size:2929 loss: 0.2105
Global:6, user:9, size:2929 loss: 0.2027
Global:6, user:10, size:2929 loss: 0.2060
Global:6, user:11, size:2929 loss: 0.2009
Global:6, user:12, size:2929 loss: 0.1956
Global:6, user:13, size:2929 loss: 0.2043
Global:6, user:14, size:2929 loss: 0.2035
Global:6, user:15, size:2929 loss: 0.2042
 
Avg Training Stats after 7 global rounds:
Training Loss : 0.44800126579364236
Train Accuracy: 93.55% 
Test Accuracy: 86.87% 
Best Test Accuracy: 86.87% 


 | Global Training Round : 8 |

Global:7, user:0, size:2929 loss: 0.2016
Global:7, user:1, size:2929 loss: 0.1948
Global:7, user:2, size:2929 loss: 0.1846
Global:7, user:3, size:2929 loss: 0.1918
Global:7, user:4, size:2929 loss: 0.1836
Global:7, user:5, size:2929 loss: 0.1974
Global:7, user:6, size:2929 loss: 0.1835
Global:7, user:7, size:2929 loss: 0.1931
Global:7, user:8, size:2929 loss: 0.2006
Global:7, user:9, size:2929 loss: 0.1920
Global:7, user:10, size:2929 loss: 0.2000
Global:7, user:11, size:2929 loss: 0.1909
Global:7, user:12, size:2929 loss: 0.1913
Global:7, user:13, size:2929 loss: 0.2001
Global:7, user:14, size:2929 loss: 0.1980
Global:7, user:15, size:2929 loss: 0.1946
 
Avg Training Stats after 8 global rounds:
Training Loss : 0.4162037197545335
Train Accuracy: 93.73% 
Test Accuracy: 87.06% 
Best Test Accuracy: 87.06% 


 | Global Training Round : 9 |

Global:8, user:0, size:2929 loss: 0.2021
Global:8, user:1, size:2929 loss: 0.1992
Global:8, user:2, size:2929 loss: 0.1860
Global:8, user:3, size:2929 loss: 0.1941
Global:8, user:4, size:2929 loss: 0.1851
Global:8, user:5, size:2929 loss: 0.2047
Global:8, user:6, size:2929 loss: 0.1843
Global:8, user:7, size:2929 loss: 0.1991
Global:8, user:8, size:2929 loss: 0.2052
Global:8, user:9, size:2929 loss: 0.1987
Global:8, user:10, size:2929 loss: 0.2005
Global:8, user:11, size:2929 loss: 0.1946
Global:8, user:12, size:2929 loss: 0.1926
Global:8, user:13, size:2929 loss: 0.1972
Global:8, user:14, size:2929 loss: 0.1982
Global:8, user:15, size:2929 loss: 0.1958
 
Avg Training Stats after 9 global rounds:
Training Loss : 0.391746817000967
Train Accuracy: 94.02% 
Test Accuracy: 87.19% 
Best Test Accuracy: 87.19% 


 | Global Training Round : 10 |

Global:9, user:0, size:2929 loss: 0.2095
Global:9, user:1, size:2929 loss: 0.2081
Global:9, user:2, size:2929 loss: 0.1937
Global:9, user:3, size:2929 loss: 0.1999
Global:9, user:4, size:2929 loss: 0.1948
Global:9, user:5, size:2929 loss: 0.2131
Global:9, user:6, size:2929 loss: 0.1913
Global:9, user:7, size:2929 loss: 0.2043
Global:9, user:8, size:2929 loss: 0.2145
Global:9, user:9, size:2929 loss: 0.2044
Global:9, user:10, size:2929 loss: 0.2079
Global:9, user:11, size:2929 loss: 0.2034
Global:9, user:12, size:2929 loss: 0.1994
Global:9, user:13, size:2929 loss: 0.2122
Global:9, user:14, size:2929 loss: 0.2092
Global:9, user:15, size:2929 loss: 0.2077
 
Avg Training Stats after 10 global rounds:
Training Loss : 0.373031064227689
Train Accuracy: 93.94% 
Test Accuracy: 87.21% 
Best Test Accuracy: 87.21% 

 
 Results after 10 global rounds of training:
|---- Avg Train Accuracy: 93.94%
|---- Test Accuracy: 87.21%

 Total Run Time: 16987.4607
