2022-07-12-07_56_12

Experimental details:
    Model     : resnet18
    Optimizer : sgd
    Learning  : 0.01
    Global Rounds   : 20

    Federated parameters:
    IID
    Local Batch size   : 128
    Local Epochs       : 50

    num_users   : 16
    pretrained_model   : ./checkpoint/pretrain-cifar100-resnet18.best.pth.tar
ResNet(
  (conv1): Conv2d(3, 64, kernel_size=(3, 3), stride=(1, 1), padding=(1, 1), bias=False)
  (bn1): BatchNorm2d(64, eps=1e-05, momentum=0.1, affine=True, track_running_stats=True)
  (layer1): Sequential(
    (0): BasicBlock(
      (conv1): Conv2d(64, 64, kernel_size=(3, 3), stride=(1, 1), padding=(1, 1), bias=False)
      (bn1): BatchNorm2d(64, eps=1e-05, momentum=0.1, affine=True, track_running_stats=True)
      (conv2): Conv2d(64, 64, kernel_size=(3, 3), stride=(1, 1), padding=(1, 1), bias=False)
      (bn2): BatchNorm2d(64, eps=1e-05, momentum=0.1, affine=True, track_running_stats=True)
      (shortcut): Sequential()
    )
    (1): BasicBlock(
      (conv1): Conv2d(64, 64, kernel_size=(3, 3), stride=(1, 1), padding=(1, 1), bias=False)
      (bn1): BatchNorm2d(64, eps=1e-05, momentum=0.1, affine=True, track_running_stats=True)
      (conv2): Conv2d(64, 64, kernel_size=(3, 3), stride=(1, 1), padding=(1, 1), bias=False)
      (bn2): BatchNorm2d(64, eps=1e-05, momentum=0.1, affine=True, track_running_stats=True)
      (shortcut): Sequential()
    )
  )
  (layer2): Sequential(
    (0): BasicBlock(
      (conv1): Conv2d(64, 128, kernel_size=(3, 3), stride=(2, 2), padding=(1, 1), bias=False)
      (bn1): BatchNorm2d(128, eps=1e-05, momentum=0.1, affine=True, track_running_stats=True)
      (conv2): Conv2d(128, 128, kernel_size=(3, 3), stride=(1, 1), padding=(1, 1), bias=False)
      (bn2): BatchNorm2d(128, eps=1e-05, momentum=0.1, affine=True, track_running_stats=True)
      (shortcut): Sequential(
        (0): Conv2d(64, 128, kernel_size=(1, 1), stride=(2, 2), bias=False)
        (1): BatchNorm2d(128, eps=1e-05, momentum=0.1, affine=True, track_running_stats=True)
      )
    )
    (1): BasicBlock(
      (conv1): Conv2d(128, 128, kernel_size=(3, 3), stride=(1, 1), padding=(1, 1), bias=False)
      (bn1): BatchNorm2d(128, eps=1e-05, momentum=0.1, affine=True, track_running_stats=True)
      (conv2): Conv2d(128, 128, kernel_size=(3, 3), stride=(1, 1), padding=(1, 1), bias=False)
      (bn2): BatchNorm2d(128, eps=1e-05, momentum=0.1, affine=True, track_running_stats=True)
      (shortcut): Sequential()
    )
  )
  (layer3): Sequential(
    (0): BasicBlock(
      (conv1): Conv2d(128, 256, kernel_size=(3, 3), stride=(2, 2), padding=(1, 1), bias=False)
      (bn1): BatchNorm2d(256, eps=1e-05, momentum=0.1, affine=True, track_running_stats=True)
      (conv2): Conv2d(256, 256, kernel_size=(3, 3), stride=(1, 1), padding=(1, 1), bias=False)
      (bn2): BatchNorm2d(256, eps=1e-05, momentum=0.1, affine=True, track_running_stats=True)
      (shortcut): Sequential(
        (0): Conv2d(128, 256, kernel_size=(1, 1), stride=(2, 2), bias=False)
        (1): BatchNorm2d(256, eps=1e-05, momentum=0.1, affine=True, track_running_stats=True)
      )
    )
    (1): BasicBlock(
      (conv1): Conv2d(256, 256, kernel_size=(3, 3), stride=(1, 1), padding=(1, 1), bias=False)
      (bn1): BatchNorm2d(256, eps=1e-05, momentum=0.1, affine=True, track_running_stats=True)
      (conv2): Conv2d(256, 256, kernel_size=(3, 3), stride=(1, 1), padding=(1, 1), bias=False)
      (bn2): BatchNorm2d(256, eps=1e-05, momentum=0.1, affine=True, track_running_stats=True)
      (shortcut): Sequential()
    )
  )
  (layer4): Sequential(
    (0): BasicBlock(
      (conv1): Conv2d(256, 512, kernel_size=(3, 3), stride=(2, 2), padding=(1, 1), bias=False)
      (bn1): BatchNorm2d(512, eps=1e-05, momentum=0.1, affine=True, track_running_stats=True)
      (conv2): Conv2d(512, 512, kernel_size=(3, 3), stride=(1, 1), padding=(1, 1), bias=False)
      (bn2): BatchNorm2d(512, eps=1e-05, momentum=0.1, affine=True, track_running_stats=True)
      (shortcut): Sequential(
        (0): Conv2d(256, 512, kernel_size=(1, 1), stride=(2, 2), bias=False)
        (1): BatchNorm2d(512, eps=1e-05, momentum=0.1, affine=True, track_running_stats=True)
      )
    )
    (1): BasicBlock(
      (conv1): Conv2d(512, 512, kernel_size=(3, 3), stride=(1, 1), padding=(1, 1), bias=False)
      (bn1): BatchNorm2d(512, eps=1e-05, momentum=0.1, affine=True, track_running_stats=True)
      (conv2): Conv2d(512, 512, kernel_size=(3, 3), stride=(1, 1), padding=(1, 1), bias=False)
      (bn2): BatchNorm2d(512, eps=1e-05, momentum=0.1, affine=True, track_running_stats=True)
      (shortcut): Sequential()
    )
  )
  (linear): Linear(in_features=512, out_features=100, bias=True)
)
===> Pretrained weights found in total: [120]
===> Pre-trained model loaded: ./checkpoint/pretrain-cifar100-resnet18.best.pth.tar

 | Global Training Round : 1 |

Global:0, user:0, size:3125 loss: 2.7808
Global:0, user:1, size:3125 loss: 2.8259
Global:0, user:2, size:3125 loss: 2.7548
Global:0, user:3, size:3125 loss: 2.8302
Global:0, user:4, size:3125 loss: 2.7866
Global:0, user:5, size:3125 loss: 2.7716
Global:0, user:6, size:3125 loss: 2.8075
Global:0, user:7, size:3125 loss: 2.7950
Global:0, user:8, size:3125 loss: 2.8321
Global:0, user:9, size:3125 loss: 2.8074
Global:0, user:10, size:3125 loss: 2.8902
Global:0, user:11, size:3125 loss: 2.7661
Global:0, user:12, size:3125 loss: 2.8014
Global:0, user:13, size:3125 loss: 2.7742
Global:0, user:14, size:3125 loss: 2.7991
Global:0, user:15, size:3125 loss: 2.7963
 
Avg Training Stats after 1 global rounds:
Training Loss : 2.8011947904229166
Train Accuracy: 41.17% 
Test Accuracy: 40.34% 
Best Test Accuracy: 40.34% 


 | Global Training Round : 2 |

Global:1, user:0, size:3125 loss: 0.7865
Global:1, user:1, size:3125 loss: 0.7884
Global:1, user:2, size:3125 loss: 0.7751
Global:1, user:3, size:3125 loss: 0.8088
Global:1, user:4, size:3125 loss: 0.7803
Global:1, user:5, size:3125 loss: 0.7707
Global:1, user:6, size:3125 loss: 0.7880
Global:1, user:7, size:3125 loss: 0.7982
Global:1, user:8, size:3125 loss: 0.7872
Global:1, user:9, size:3125 loss: 0.7921
Global:1, user:10, size:3125 loss: 0.8357
Global:1, user:11, size:3125 loss: 0.7615
Global:1, user:12, size:3125 loss: 0.7919
Global:1, user:13, size:3125 loss: 0.7782
Global:1, user:14, size:3125 loss: 0.8027
Global:1, user:15, size:3125 loss: 0.7996
 
Avg Training Stats after 2 global rounds:
Training Loss : 1.7957463565915823
Train Accuracy: 52.80% 
Test Accuracy: 51.04% 
Best Test Accuracy: 51.04% 


 | Global Training Round : 3 |

Global:2, user:0, size:3125 loss: 0.3171
Global:2, user:1, size:3125 loss: 0.3164
Global:2, user:2, size:3125 loss: 0.3103
Global:2, user:3, size:3125 loss: 0.3290
Global:2, user:4, size:3125 loss: 0.3188
Global:2, user:5, size:3125 loss: 0.3139
Global:2, user:6, size:3125 loss: 0.3181
Global:2, user:7, size:3125 loss: 0.3216
Global:2, user:8, size:3125 loss: 0.3232
Global:2, user:9, size:3125 loss: 0.3227
Global:2, user:10, size:3125 loss: 0.3399
Global:2, user:11, size:3125 loss: 0.3064
Global:2, user:12, size:3125 loss: 0.3231
Global:2, user:13, size:3125 loss: 0.3137
Global:2, user:14, size:3125 loss: 0.3314
Global:2, user:15, size:3125 loss: 0.3228
 
Avg Training Stats after 3 global rounds:
Training Loss : 1.3040084049127065
Train Accuracy: 60.56% 
Test Accuracy: 57.17% 
Best Test Accuracy: 57.17% 


 | Global Training Round : 4 |

Global:3, user:0, size:3125 loss: 0.2092
Global:3, user:1, size:3125 loss: 0.2151
Global:3, user:2, size:3125 loss: 0.2084
Global:3, user:3, size:3125 loss: 0.2212
Global:3, user:4, size:3125 loss: 0.2161
Global:3, user:5, size:3125 loss: 0.2065
Global:3, user:6, size:3125 loss: 0.2124
Global:3, user:7, size:3125 loss: 0.2154
Global:3, user:8, size:3125 loss: 0.2155
Global:3, user:9, size:3125 loss: 0.2134
Global:3, user:10, size:3125 loss: 0.2229
Global:3, user:11, size:3125 loss: 0.2050
Global:3, user:12, size:3125 loss: 0.2179
Global:3, user:13, size:3125 loss: 0.2071
Global:3, user:14, size:3125 loss: 0.2195
Global:3, user:15, size:3125 loss: 0.2160
 
Avg Training Stats after 4 global rounds:
Training Loss : 1.0314687539273408
Train Accuracy: 64.72% 
Test Accuracy: 60.56% 
Best Test Accuracy: 60.56% 


 | Global Training Round : 5 |

Global:4, user:0, size:3125 loss: 0.1634
Global:4, user:1, size:3125 loss: 0.1679
Global:4, user:2, size:3125 loss: 0.1602
Global:4, user:3, size:3125 loss: 0.1693
Global:4, user:4, size:3125 loss: 0.1679
Global:4, user:5, size:3125 loss: 0.1619
Global:4, user:6, size:3125 loss: 0.1639
Global:4, user:7, size:3125 loss: 0.1682
Global:4, user:8, size:3125 loss: 0.1685
Global:4, user:9, size:3125 loss: 0.1643
Global:4, user:10, size:3125 loss: 0.1737
Global:4, user:11, size:3125 loss: 0.1588
Global:4, user:12, size:3125 loss: 0.1698
Global:4, user:13, size:3125 loss: 0.1622
Global:4, user:14, size:3125 loss: 0.1709
Global:4, user:15, size:3125 loss: 0.1659
 
Avg Training Stats after 5 global rounds:
Training Loss : 0.8583815348515008
Train Accuracy: 68.59% 
Test Accuracy: 63.07% 
Best Test Accuracy: 63.07% 


 | Global Training Round : 6 |

Global:5, user:0, size:3125 loss: 0.1363
Global:5, user:1, size:3125 loss: 0.1391
Global:5, user:2, size:3125 loss: 0.1325
Global:5, user:3, size:3125 loss: 0.1383
Global:5, user:4, size:3125 loss: 0.1390
Global:5, user:5, size:3125 loss: 0.1373
Global:5, user:6, size:3125 loss: 0.1352
Global:5, user:7, size:3125 loss: 0.1369
Global:5, user:8, size:3125 loss: 0.1401
Global:5, user:9, size:3125 loss: 0.1367
Global:5, user:10, size:3125 loss: 0.1412
Global:5, user:11, size:3125 loss: 0.1307
Global:5, user:12, size:3125 loss: 0.1393
Global:5, user:13, size:3125 loss: 0.1315
Global:5, user:14, size:3125 loss: 0.1415
Global:5, user:15, size:3125 loss: 0.1366
 
Avg Training Stats after 6 global rounds:
Training Loss : 0.7381530019345228
Train Accuracy: 72.48% 
Test Accuracy: 64.72% 
Best Test Accuracy: 64.72% 


 | Global Training Round : 7 |

Global:6, user:0, size:3125 loss: 0.1162
Global:6, user:1, size:3125 loss: 0.1188
Global:6, user:2, size:3125 loss: 0.1116
Global:6, user:3, size:3125 loss: 0.1213
Global:6, user:4, size:3125 loss: 0.1206
Global:6, user:5, size:3125 loss: 0.1157
Global:6, user:6, size:3125 loss: 0.1154
Global:6, user:7, size:3125 loss: 0.1185
Global:6, user:8, size:3125 loss: 0.1221
Global:6, user:9, size:3125 loss: 0.1143
Global:6, user:10, size:3125 loss: 0.1217
Global:6, user:11, size:3125 loss: 0.1130
Global:6, user:12, size:3125 loss: 0.1216
Global:6, user:13, size:3125 loss: 0.1144
Global:6, user:14, size:3125 loss: 0.1228
Global:6, user:15, size:3125 loss: 0.1165
 
Avg Training Stats after 7 global rounds:
Training Loss : 0.6495289965230074
Train Accuracy: 74.76% 
Test Accuracy: 66.15% 
Best Test Accuracy: 66.15% 


 | Global Training Round : 8 |

Global:7, user:0, size:3125 loss: 0.0999
Global:7, user:1, size:3125 loss: 0.1033
Global:7, user:2, size:3125 loss: 0.0975
Global:7, user:3, size:3125 loss: 0.1061
Global:7, user:4, size:3125 loss: 0.1035
Global:7, user:5, size:3125 loss: 0.1004
Global:7, user:6, size:3125 loss: 0.1002
Global:7, user:7, size:3125 loss: 0.1033
Global:7, user:8, size:3125 loss: 0.1062
Global:7, user:9, size:3125 loss: 0.1026
Global:7, user:10, size:3125 loss: 0.1090
Global:7, user:11, size:3125 loss: 0.1015
Global:7, user:12, size:3125 loss: 0.1038
Global:7, user:13, size:3125 loss: 0.1014
Global:7, user:14, size:3125 loss: 0.1061
Global:7, user:15, size:3125 loss: 0.1022
 
Avg Training Stats after 8 global rounds:
Training Loss : 0.581203358048416
Train Accuracy: 77.14% 
Test Accuracy: 67.02% 
Best Test Accuracy: 67.02% 


 | Global Training Round : 9 |

Global:8, user:0, size:3125 loss: 0.0882
Global:8, user:1, size:3125 loss: 0.0922
Global:8, user:2, size:3125 loss: 0.0881
Global:8, user:3, size:3125 loss: 0.0922
Global:8, user:4, size:3125 loss: 0.0884
Global:8, user:5, size:3125 loss: 0.0914
Global:8, user:6, size:3125 loss: 0.0883
Global:8, user:7, size:3125 loss: 0.0921
Global:8, user:8, size:3125 loss: 0.0926
Global:8, user:9, size:3125 loss: 0.0919
Global:8, user:10, size:3125 loss: 0.0937
Global:8, user:11, size:3125 loss: 0.0874
Global:8, user:12, size:3125 loss: 0.0910
Global:8, user:13, size:3125 loss: 0.0891
Global:8, user:14, size:3125 loss: 0.0947
Global:8, user:15, size:3125 loss: 0.0895
 
Avg Training Stats after 9 global rounds:
Training Loss : 0.5267001265661636
Train Accuracy: 78.39% 
Test Accuracy: 67.55% 
Best Test Accuracy: 67.55% 


 | Global Training Round : 10 |

Global:9, user:0, size:3125 loss: 0.0804
Global:9, user:1, size:3125 loss: 0.0847
Global:9, user:2, size:3125 loss: 0.0772
Global:9, user:3, size:3125 loss: 0.0822
Global:9, user:4, size:3125 loss: 0.0792
Global:9, user:5, size:3125 loss: 0.0805
Global:9, user:6, size:3125 loss: 0.0802
Global:9, user:7, size:3125 loss: 0.0831
Global:9, user:8, size:3125 loss: 0.0835
Global:9, user:9, size:3125 loss: 0.0811
Global:9, user:10, size:3125 loss: 0.0835
Global:9, user:11, size:3125 loss: 0.0791
Global:9, user:12, size:3125 loss: 0.0837
Global:9, user:13, size:3125 loss: 0.0792
Global:9, user:14, size:3125 loss: 0.0828
Global:9, user:15, size:3125 loss: 0.0799
 
Avg Training Stats after 10 global rounds:
Training Loss : 0.4821566721721739
Train Accuracy: 80.23% 
Test Accuracy: 68.18% 
Best Test Accuracy: 68.18% 


 | Global Training Round : 11 |

Global:10, user:0, size:3125 loss: 0.0705
Global:10, user:1, size:3125 loss: 0.0747
Global:10, user:2, size:3125 loss: 0.0701
Global:10, user:3, size:3125 loss: 0.0750
Global:10, user:4, size:3125 loss: 0.0730
Global:10, user:5, size:3125 loss: 0.0715
Global:10, user:6, size:3125 loss: 0.0745
Global:10, user:7, size:3125 loss: 0.0728
Global:10, user:8, size:3125 loss: 0.0749
Global:10, user:9, size:3125 loss: 0.0751
Global:10, user:10, size:3125 loss: 0.0757
Global:10, user:11, size:3125 loss: 0.0703
Global:10, user:12, size:3125 loss: 0.0743
Global:10, user:13, size:3125 loss: 0.0720
Global:10, user:14, size:3125 loss: 0.0772
Global:10, user:15, size:3125 loss: 0.0718
 
Avg Training Stats after 11 global rounds:
Training Loss : 0.44499025268716824
Train Accuracy: 81.59% 
Test Accuracy: 68.62% 
Best Test Accuracy: 68.62% 


 | Global Training Round : 12 |

Global:11, user:0, size:3125 loss: 0.0662
Global:11, user:1, size:3125 loss: 0.0690
Global:11, user:2, size:3125 loss: 0.0647
Global:11, user:3, size:3125 loss: 0.0684
Global:11, user:4, size:3125 loss: 0.0680
Global:11, user:5, size:3125 loss: 0.0666
Global:11, user:6, size:3125 loss: 0.0676
Global:11, user:7, size:3125 loss: 0.0687
Global:11, user:8, size:3125 loss: 0.0679
Global:11, user:9, size:3125 loss: 0.0664
Global:11, user:10, size:3125 loss: 0.0689
Global:11, user:11, size:3125 loss: 0.0640
Global:11, user:12, size:3125 loss: 0.0671
Global:11, user:13, size:3125 loss: 0.0633
Global:11, user:14, size:3125 loss: 0.0694
Global:11, user:15, size:3125 loss: 0.0650
 
Avg Training Stats after 12 global rounds:
Training Loss : 0.4134862223059424
Train Accuracy: 82.71% 
Test Accuracy: 69.21% 
Best Test Accuracy: 69.21% 


 | Global Training Round : 13 |

Global:12, user:0, size:3125 loss: 0.0613
Global:12, user:1, size:3125 loss: 0.0625
Global:12, user:2, size:3125 loss: 0.0599
Global:12, user:3, size:3125 loss: 0.0628
Global:12, user:4, size:3125 loss: 0.0619
Global:12, user:5, size:3125 loss: 0.0619
Global:12, user:6, size:3125 loss: 0.0621
Global:12, user:7, size:3125 loss: 0.0629
Global:12, user:8, size:3125 loss: 0.0616
Global:12, user:9, size:3125 loss: 0.0611
Global:12, user:10, size:3125 loss: 0.0647
Global:12, user:11, size:3125 loss: 0.0593
Global:12, user:12, size:3125 loss: 0.0628
Global:12, user:13, size:3125 loss: 0.0604
Global:12, user:14, size:3125 loss: 0.0648
Global:12, user:15, size:3125 loss: 0.0614
 
Avg Training Stats after 13 global rounds:
Training Loss : 0.3864463441767085
Train Accuracy: 84.72% 
Test Accuracy: 69.39% 
Best Test Accuracy: 69.39% 


 | Global Training Round : 14 |

Global:13, user:0, size:3125 loss: 0.0574
Global:13, user:1, size:3125 loss: 0.0592
Global:13, user:2, size:3125 loss: 0.0562
Global:13, user:3, size:3125 loss: 0.0591
Global:13, user:4, size:3125 loss: 0.0583
Global:13, user:5, size:3125 loss: 0.0581
Global:13, user:6, size:3125 loss: 0.0571
Global:13, user:7, size:3125 loss: 0.0600
Global:13, user:8, size:3125 loss: 0.0604
Global:13, user:9, size:3125 loss: 0.0576
Global:13, user:10, size:3125 loss: 0.0600
Global:13, user:11, size:3125 loss: 0.0570
Global:13, user:12, size:3125 loss: 0.0597
Global:13, user:13, size:3125 loss: 0.0568
Global:13, user:14, size:3125 loss: 0.0614
Global:13, user:15, size:3125 loss: 0.0570
 
Avg Training Stats after 14 global rounds:
Training Loss : 0.36301963802575565
Train Accuracy: 85.14% 
Test Accuracy: 69.67% 
Best Test Accuracy: 69.67% 


 | Global Training Round : 15 |

Global:14, user:0, size:3125 loss: 0.0564
Global:14, user:1, size:3125 loss: 0.0583
Global:14, user:2, size:3125 loss: 0.0556
Global:14, user:3, size:3125 loss: 0.0584
Global:14, user:4, size:3125 loss: 0.0568
Global:14, user:5, size:3125 loss: 0.0570
Global:14, user:6, size:3125 loss: 0.0574
Global:14, user:7, size:3125 loss: 0.0575
Global:14, user:8, size:3125 loss: 0.0581
Global:14, user:9, size:3125 loss: 0.0568
Global:14, user:10, size:3125 loss: 0.0599
Global:14, user:11, size:3125 loss: 0.0559
Global:14, user:12, size:3125 loss: 0.0581
Global:14, user:13, size:3125 loss: 0.0571
Global:14, user:14, size:3125 loss: 0.0603
Global:14, user:15, size:3125 loss: 0.0572
 
Avg Training Stats after 15 global rounds:
Training Loss : 0.3426559876004451
Train Accuracy: 86.38% 
Test Accuracy: 69.81% 
Best Test Accuracy: 69.81% 


 | Global Training Round : 16 |

Global:15, user:0, size:3125 loss: 0.0593
Global:15, user:1, size:3125 loss: 0.0599
Global:15, user:2, size:3125 loss: 0.0578
Global:15, user:3, size:3125 loss: 0.0586
Global:15, user:4, size:3125 loss: 0.0590
Global:15, user:5, size:3125 loss: 0.0598
Global:15, user:6, size:3125 loss: 0.0589
Global:15, user:7, size:3125 loss: 0.0593
Global:15, user:8, size:3125 loss: 0.0598
Global:15, user:9, size:3125 loss: 0.0597
Global:15, user:10, size:3125 loss: 0.0611
Global:15, user:11, size:3125 loss: 0.0574
Global:15, user:12, size:3125 loss: 0.0592
Global:15, user:13, size:3125 loss: 0.0566
Global:15, user:14, size:3125 loss: 0.0609
Global:15, user:15, size:3125 loss: 0.0591
 
Avg Training Stats after 16 global rounds:
Training Loss : 0.3249364902338362
Train Accuracy: 87.16% 
Test Accuracy: 69.93% 
Best Test Accuracy: 69.93% 


 | Global Training Round : 17 |

Global:16, user:0, size:3125 loss: 0.0624
Global:16, user:1, size:3125 loss: 0.0644
Global:16, user:2, size:3125 loss: 0.0631
Global:16, user:3, size:3125 loss: 0.0645
Global:16, user:4, size:3125 loss: 0.0639
Global:16, user:5, size:3125 loss: 0.0646
Global:16, user:6, size:3125 loss: 0.0647
Global:16, user:7, size:3125 loss: 0.0643
Global:16, user:8, size:3125 loss: 0.0667
Global:16, user:9, size:3125 loss: 0.0648
Global:16, user:10, size:3125 loss: 0.0673
Global:16, user:11, size:3125 loss: 0.0631
Global:16, user:12, size:3125 loss: 0.0655
Global:16, user:13, size:3125 loss: 0.0634
Global:16, user:14, size:3125 loss: 0.0677
Global:16, user:15, size:3125 loss: 0.0647
 
Avg Training Stats after 17 global rounds:
Training Loss : 0.309627710089575
Train Accuracy: 88.24% 
Test Accuracy: 70.07% 
Best Test Accuracy: 70.07% 


 | Global Training Round : 18 |

Global:17, user:0, size:3125 loss: 0.0764
Global:17, user:1, size:3125 loss: 0.0799
Global:17, user:2, size:3125 loss: 0.0764
Global:17, user:3, size:3125 loss: 0.0784
Global:17, user:4, size:3125 loss: 0.0771
Global:17, user:5, size:3125 loss: 0.0791
Global:17, user:6, size:3125 loss: 0.0785
Global:17, user:7, size:3125 loss: 0.0772
Global:17, user:8, size:3125 loss: 0.0805
Global:17, user:9, size:3125 loss: 0.0778
Global:17, user:10, size:3125 loss: 0.0825
Global:17, user:11, size:3125 loss: 0.0757
Global:17, user:12, size:3125 loss: 0.0789
Global:17, user:13, size:3125 loss: 0.0765
Global:17, user:14, size:3125 loss: 0.0821
Global:17, user:15, size:3125 loss: 0.0774
 
Avg Training Stats after 18 global rounds:
Training Loss : 0.2967821021638215
Train Accuracy: 89.00% 
Test Accuracy: 69.93% 
Best Test Accuracy: 70.07% 


 | Global Training Round : 19 |

Global:18, user:0, size:3125 loss: 0.1068
Global:18, user:1, size:3125 loss: 0.1107
Global:18, user:2, size:3125 loss: 0.1076
Global:18, user:3, size:3125 loss: 0.1090
Global:18, user:4, size:3125 loss: 0.1073
Global:18, user:5, size:3125 loss: 0.1081
Global:18, user:6, size:3125 loss: 0.1090
Global:18, user:7, size:3125 loss: 0.1070
Global:18, user:8, size:3125 loss: 0.1116
Global:18, user:9, size:3125 loss: 0.1086
Global:18, user:10, size:3125 loss: 0.1144
Global:18, user:11, size:3125 loss: 0.1063
Global:18, user:12, size:3125 loss: 0.1104
Global:18, user:13, size:3125 loss: 0.1051
Global:18, user:14, size:3125 loss: 0.1133
Global:18, user:15, size:3125 loss: 0.1076
 
Avg Training Stats after 19 global rounds:
Training Loss : 0.286894390869844
Train Accuracy: 89.28% 
Test Accuracy: 69.78% 
Best Test Accuracy: 70.07% 


 | Global Training Round : 20 |

Global:19, user:0, size:3125 loss: 0.1906
Global:19, user:1, size:3125 loss: 0.1980
Global:19, user:2, size:3125 loss: 0.1926
Global:19, user:3, size:3125 loss: 0.1994
Global:19, user:4, size:3125 loss: 0.1911
Global:19, user:5, size:3125 loss: 0.1956
Global:19, user:6, size:3125 loss: 0.1983
Global:19, user:7, size:3125 loss: 0.1924
Global:19, user:8, size:3125 loss: 0.1997
Global:19, user:9, size:3125 loss: 0.1964
Global:19, user:10, size:3125 loss: 0.2021
Global:19, user:11, size:3125 loss: 0.1916
Global:19, user:12, size:3125 loss: 0.1998
Global:19, user:13, size:3125 loss: 0.1884
Global:19, user:14, size:3125 loss: 0.2012
Global:19, user:15, size:3125 loss: 0.1983
 
Avg Training Stats after 20 global rounds:
Training Loss : 0.2823478154138545
Train Accuracy: 89.22% 
Test Accuracy: 69.43% 
Best Test Accuracy: 70.07% 

 
 Results after 20 global rounds of training:
|---- Avg Train Accuracy: 89.22%
|---- Test Accuracy: 69.43%

 Total Run Time: 38521.6181
