2022-07-13-11_43_50

Experimental details:
    Model     : resnet18
    Optimizer : sgd
    Learning  : 0.01
    Global Rounds   : 30

    Federated parameters:
    Non-IID
    Local Batch size   : 128
    Local Epochs       : 100

    num_users   : 16


    user_groups['0'] '3125'
    user_groups['1'] '3125'
    user_groups['2'] '3125'
    user_groups['3'] '3125'
    user_groups['4'] '3125'
    user_groups['5'] '3125'
    user_groups['6'] '3125'
    user_groups['7'] '3125'
    user_groups['8'] '3125'
    user_groups['9'] '3125'
    user_groups['10'] '3125'
    user_groups['11'] '3125'
    user_groups['12'] '3125'
    user_groups['13'] '3125'
    user_groups['14'] '3125'
    user_groups['15'] '3125'
ResNet(
  (conv1): Conv2d(3, 64, kernel_size=(3, 3), stride=(1, 1), padding=(1, 1), bias=False)
  (bn1): BatchNorm2d(64, eps=1e-05, momentum=0.1, affine=True, track_running_stats=True)
  (layer1): Sequential(
    (0): BasicBlock(
      (conv1): Conv2d(64, 64, kernel_size=(3, 3), stride=(1, 1), padding=(1, 1), bias=False)
      (bn1): BatchNorm2d(64, eps=1e-05, momentum=0.1, affine=True, track_running_stats=True)
      (conv2): Conv2d(64, 64, kernel_size=(3, 3), stride=(1, 1), padding=(1, 1), bias=False)
      (bn2): BatchNorm2d(64, eps=1e-05, momentum=0.1, affine=True, track_running_stats=True)
      (shortcut): Sequential()
    )
    (1): BasicBlock(
      (conv1): Conv2d(64, 64, kernel_size=(3, 3), stride=(1, 1), padding=(1, 1), bias=False)
      (bn1): BatchNorm2d(64, eps=1e-05, momentum=0.1, affine=True, track_running_stats=True)
      (conv2): Conv2d(64, 64, kernel_size=(3, 3), stride=(1, 1), padding=(1, 1), bias=False)
      (bn2): BatchNorm2d(64, eps=1e-05, momentum=0.1, affine=True, track_running_stats=True)
      (shortcut): Sequential()
    )
  )
  (layer2): Sequential(
    (0): BasicBlock(
      (conv1): Conv2d(64, 128, kernel_size=(3, 3), stride=(2, 2), padding=(1, 1), bias=False)
      (bn1): BatchNorm2d(128, eps=1e-05, momentum=0.1, affine=True, track_running_stats=True)
      (conv2): Conv2d(128, 128, kernel_size=(3, 3), stride=(1, 1), padding=(1, 1), bias=False)
      (bn2): BatchNorm2d(128, eps=1e-05, momentum=0.1, affine=True, track_running_stats=True)
      (shortcut): Sequential(
        (0): Conv2d(64, 128, kernel_size=(1, 1), stride=(2, 2), bias=False)
        (1): BatchNorm2d(128, eps=1e-05, momentum=0.1, affine=True, track_running_stats=True)
      )
    )
    (1): BasicBlock(
      (conv1): Conv2d(128, 128, kernel_size=(3, 3), stride=(1, 1), padding=(1, 1), bias=False)
      (bn1): BatchNorm2d(128, eps=1e-05, momentum=0.1, affine=True, track_running_stats=True)
      (conv2): Conv2d(128, 128, kernel_size=(3, 3), stride=(1, 1), padding=(1, 1), bias=False)
      (bn2): BatchNorm2d(128, eps=1e-05, momentum=0.1, affine=True, track_running_stats=True)
      (shortcut): Sequential()
    )
  )
  (layer3): Sequential(
    (0): BasicBlock(
      (conv1): Conv2d(128, 256, kernel_size=(3, 3), stride=(2, 2), padding=(1, 1), bias=False)
      (bn1): BatchNorm2d(256, eps=1e-05, momentum=0.1, affine=True, track_running_stats=True)
      (conv2): Conv2d(256, 256, kernel_size=(3, 3), stride=(1, 1), padding=(1, 1), bias=False)
      (bn2): BatchNorm2d(256, eps=1e-05, momentum=0.1, affine=True, track_running_stats=True)
      (shortcut): Sequential(
        (0): Conv2d(128, 256, kernel_size=(1, 1), stride=(2, 2), bias=False)
        (1): BatchNorm2d(256, eps=1e-05, momentum=0.1, affine=True, track_running_stats=True)
      )
    )
    (1): BasicBlock(
      (conv1): Conv2d(256, 256, kernel_size=(3, 3), stride=(1, 1), padding=(1, 1), bias=False)
      (bn1): BatchNorm2d(256, eps=1e-05, momentum=0.1, affine=True, track_running_stats=True)
      (conv2): Conv2d(256, 256, kernel_size=(3, 3), stride=(1, 1), padding=(1, 1), bias=False)
      (bn2): BatchNorm2d(256, eps=1e-05, momentum=0.1, affine=True, track_running_stats=True)
      (shortcut): Sequential()
    )
  )
  (layer4): Sequential(
    (0): BasicBlock(
      (conv1): Conv2d(256, 512, kernel_size=(3, 3), stride=(2, 2), padding=(1, 1), bias=False)
      (bn1): BatchNorm2d(512, eps=1e-05, momentum=0.1, affine=True, track_running_stats=True)
      (conv2): Conv2d(512, 512, kernel_size=(3, 3), stride=(1, 1), padding=(1, 1), bias=False)
      (bn2): BatchNorm2d(512, eps=1e-05, momentum=0.1, affine=True, track_running_stats=True)
      (shortcut): Sequential(
        (0): Conv2d(256, 512, kernel_size=(1, 1), stride=(2, 2), bias=False)
        (1): BatchNorm2d(512, eps=1e-05, momentum=0.1, affine=True, track_running_stats=True)
      )
    )
    (1): BasicBlock(
      (conv1): Conv2d(512, 512, kernel_size=(3, 3), stride=(1, 1), padding=(1, 1), bias=False)
      (bn1): BatchNorm2d(512, eps=1e-05, momentum=0.1, affine=True, track_running_stats=True)
      (conv2): Conv2d(512, 512, kernel_size=(3, 3), stride=(1, 1), padding=(1, 1), bias=False)
      (bn2): BatchNorm2d(512, eps=1e-05, momentum=0.1, affine=True, track_running_stats=True)
      (shortcut): Sequential()
    )
  )
  (linear): Linear(in_features=512, out_features=100, bias=True)
)

 | Global Training Round : 1 |

Global:0, user:0, size:3125 loss: 0.9085
Global:0, user:1, size:3125 loss: 0.9246
Global:0, user:2, size:3125 loss: 0.9472
Global:0, user:3, size:3125 loss: 0.9242
Global:0, user:4, size:3125 loss: 0.9361
Global:0, user:5, size:3125 loss: 0.9244
Global:0, user:6, size:3125 loss: 0.9249
Global:0, user:7, size:3125 loss: 0.9229
Global:0, user:8, size:3125 loss: 0.9272
Global:0, user:9, size:3125 loss: 0.9245
Global:0, user:10, size:3125 loss: 0.9281
Global:0, user:11, size:3125 loss: 0.9680
Global:0, user:12, size:3125 loss: 0.9219
Global:0, user:13, size:3125 loss: 0.9599
Global:0, user:14, size:3125 loss: 0.9361
Global:0, user:15, size:3125 loss: 0.9256
 
Avg Training Stats after 1 global rounds:
Training Loss : 0.9314966341023798
Train Accuracy: 1.62% 
Test Accuracy: 1.80% 
Best Test Accuracy: 1.80% 


 | Global Training Round : 2 |

Global:1, user:0, size:3125 loss: 0.4830
Global:1, user:1, size:3125 loss: 0.4858
Global:1, user:2, size:3125 loss: 0.4957
Global:1, user:3, size:3125 loss: 0.4888
Global:1, user:4, size:3125 loss: 0.4938
Global:1, user:5, size:3125 loss: 0.4983
Global:1, user:6, size:3125 loss: 0.4940
Global:1, user:7, size:3125 loss: 0.4912
Global:1, user:8, size:3125 loss: 0.4909
Global:1, user:9, size:3125 loss: 0.4702
Global:1, user:10, size:3125 loss: 0.4827
Global:1, user:11, size:3125 loss: 0.5037
Global:1, user:12, size:3125 loss: 0.4938
Global:1, user:13, size:3125 loss: 0.4881
Global:1, user:14, size:3125 loss: 0.4992
Global:1, user:15, size:3125 loss: 0.4973
 
Avg Training Stats after 2 global rounds:
Training Loss : 0.7112615614039416
Train Accuracy: 22.22% 
Test Accuracy: 24.49% 
Best Test Accuracy: 24.49% 


 | Global Training Round : 3 |

Global:2, user:0, size:3125 loss: 0.2373
Global:2, user:1, size:3125 loss: 0.2445
Global:2, user:2, size:3125 loss: 0.2457
Global:2, user:3, size:3125 loss: 0.2436
Global:2, user:4, size:3125 loss: 0.2451
Global:2, user:5, size:3125 loss: 0.2484
Global:2, user:6, size:3125 loss: 0.2435
Global:2, user:7, size:3125 loss: 0.2369
Global:2, user:8, size:3125 loss: 0.2459
Global:2, user:9, size:3125 loss: 0.2328
Global:2, user:10, size:3125 loss: 0.2416
Global:2, user:11, size:3125 loss: 0.2470
Global:2, user:12, size:3125 loss: 0.2477
Global:2, user:13, size:3125 loss: 0.2487
Global:2, user:14, size:3125 loss: 0.2479
Global:2, user:15, size:3125 loss: 0.2439
 
Avg Training Stats after 3 global rounds:
Training Loss : 0.5554353949710145
Train Accuracy: 50.76% 
Test Accuracy: 48.89% 
Best Test Accuracy: 48.89% 


 | Global Training Round : 4 |

Global:3, user:0, size:3125 loss: 0.1432
Global:3, user:1, size:3125 loss: 0.1472
Global:3, user:2, size:3125 loss: 0.1498
Global:3, user:3, size:3125 loss: 0.1444
Global:3, user:4, size:3125 loss: 0.1482
Global:3, user:5, size:3125 loss: 0.1495
Global:3, user:6, size:3125 loss: 0.1407
Global:3, user:7, size:3125 loss: 0.1430
Global:3, user:8, size:3125 loss: 0.1480
Global:3, user:9, size:3125 loss: 0.1404
Global:3, user:10, size:3125 loss: 0.1441
Global:3, user:11, size:3125 loss: 0.1459
Global:3, user:12, size:3125 loss: 0.1488
Global:3, user:13, size:3125 loss: 0.1459
Global:3, user:14, size:3125 loss: 0.1465
Global:3, user:15, size:3125 loss: 0.1490
 
Avg Training Stats after 4 global rounds:
Training Loss : 0.45305436165415597
Train Accuracy: 58.81% 
Test Accuracy: 54.83% 
Best Test Accuracy: 54.83% 


 | Global Training Round : 5 |

Global:4, user:0, size:3125 loss: 0.1036
Global:4, user:1, size:3125 loss: 0.1084
Global:4, user:2, size:3125 loss: 0.1100
Global:4, user:3, size:3125 loss: 0.1049
Global:4, user:4, size:3125 loss: 0.1071
Global:4, user:5, size:3125 loss: 0.1114
Global:4, user:6, size:3125 loss: 0.1033
Global:4, user:7, size:3125 loss: 0.1035
Global:4, user:8, size:3125 loss: 0.1085
Global:4, user:9, size:3125 loss: 0.1035
Global:4, user:10, size:3125 loss: 0.1035
Global:4, user:11, size:3125 loss: 0.1051
Global:4, user:12, size:3125 loss: 0.1107
Global:4, user:13, size:3125 loss: 0.1079
Global:4, user:14, size:3125 loss: 0.1115
Global:4, user:15, size:3125 loss: 0.1084
 
Avg Training Stats after 5 global rounds:
Training Loss : 0.3838362536052824
Train Accuracy: 63.68% 
Test Accuracy: 58.22% 
Best Test Accuracy: 58.22% 


 | Global Training Round : 6 |

Global:5, user:0, size:3125 loss: 0.0853
Global:5, user:1, size:3125 loss: 0.0875
Global:5, user:2, size:3125 loss: 0.0880
Global:5, user:3, size:3125 loss: 0.0837
Global:5, user:4, size:3125 loss: 0.0848
Global:5, user:5, size:3125 loss: 0.0854
Global:5, user:6, size:3125 loss: 0.0819
Global:5, user:7, size:3125 loss: 0.0822
Global:5, user:8, size:3125 loss: 0.0851
Global:5, user:9, size:3125 loss: 0.0825
Global:5, user:10, size:3125 loss: 0.0822
Global:5, user:11, size:3125 loss: 0.0853
Global:5, user:12, size:3125 loss: 0.0886
Global:5, user:13, size:3125 loss: 0.0872
Global:5, user:14, size:3125 loss: 0.0862
Global:5, user:15, size:3125 loss: 0.0869
 
Avg Training Stats after 6 global rounds:
Training Loss : 0.33405902507667484
Train Accuracy: 66.97% 
Test Accuracy: 60.03% 
Best Test Accuracy: 60.03% 


 | Global Training Round : 7 |

Global:6, user:0, size:3125 loss: 0.0686
Global:6, user:1, size:3125 loss: 0.0711
Global:6, user:2, size:3125 loss: 0.0723
Global:6, user:3, size:3125 loss: 0.0708
Global:6, user:4, size:3125 loss: 0.0708
Global:6, user:5, size:3125 loss: 0.0732
Global:6, user:6, size:3125 loss: 0.0688
Global:6, user:7, size:3125 loss: 0.0709
Global:6, user:8, size:3125 loss: 0.0716
Global:6, user:9, size:3125 loss: 0.0673
Global:6, user:10, size:3125 loss: 0.0683
Global:6, user:11, size:3125 loss: 0.0709
Global:6, user:12, size:3125 loss: 0.0738
Global:6, user:13, size:3125 loss: 0.0725
Global:6, user:14, size:3125 loss: 0.0746
Global:6, user:15, size:3125 loss: 0.0726
 
Avg Training Stats after 7 global rounds:
Training Loss : 0.29649616245865634
Train Accuracy: 69.33% 
Test Accuracy: 61.27% 
Best Test Accuracy: 61.27% 


 | Global Training Round : 8 |

Global:7, user:0, size:3125 loss: 0.0594
Global:7, user:1, size:3125 loss: 0.0627
Global:7, user:2, size:3125 loss: 0.0627
Global:7, user:3, size:3125 loss: 0.0628
Global:7, user:4, size:3125 loss: 0.0619
Global:7, user:5, size:3125 loss: 0.0615
Global:7, user:6, size:3125 loss: 0.0595
Global:7, user:7, size:3125 loss: 0.0587
Global:7, user:8, size:3125 loss: 0.0616
Global:7, user:9, size:3125 loss: 0.0589
Global:7, user:10, size:3125 loss: 0.0586
Global:7, user:11, size:3125 loss: 0.0623
Global:7, user:12, size:3125 loss: 0.0618
Global:7, user:13, size:3125 loss: 0.0620
Global:7, user:14, size:3125 loss: 0.0631
Global:7, user:15, size:3125 loss: 0.0646
 
Avg Training Stats after 8 global rounds:
Training Loss : 0.2671062241496573
Train Accuracy: 71.69% 
Test Accuracy: 62.55% 
Best Test Accuracy: 62.55% 


 | Global Training Round : 9 |

Global:8, user:0, size:3125 loss: 0.0526
Global:8, user:1, size:3125 loss: 0.0557
Global:8, user:2, size:3125 loss: 0.0544
Global:8, user:3, size:3125 loss: 0.0525
Global:8, user:4, size:3125 loss: 0.0540
Global:8, user:5, size:3125 loss: 0.0556
Global:8, user:6, size:3125 loss: 0.0515
Global:8, user:7, size:3125 loss: 0.0533
Global:8, user:8, size:3125 loss: 0.0530
Global:8, user:9, size:3125 loss: 0.0524
Global:8, user:10, size:3125 loss: 0.0512
Global:8, user:11, size:3125 loss: 0.0539
Global:8, user:12, size:3125 loss: 0.0559
Global:8, user:13, size:3125 loss: 0.0535
Global:8, user:14, size:3125 loss: 0.0552
Global:8, user:15, size:3125 loss: 0.0539
 
Avg Training Stats after 9 global rounds:
Training Loss : 0.24339150618521352
Train Accuracy: 73.96% 
Test Accuracy: 63.48% 
Best Test Accuracy: 63.48% 


 | Global Training Round : 10 |

Global:9, user:0, size:3125 loss: 0.0473
Global:9, user:1, size:3125 loss: 0.0493
Global:9, user:2, size:3125 loss: 0.0493
Global:9, user:3, size:3125 loss: 0.0485
Global:9, user:4, size:3125 loss: 0.0488
Global:9, user:5, size:3125 loss: 0.0492
Global:9, user:6, size:3125 loss: 0.0452
Global:9, user:7, size:3125 loss: 0.0480
Global:9, user:8, size:3125 loss: 0.0482
Global:9, user:9, size:3125 loss: 0.0462
Global:9, user:10, size:3125 loss: 0.0480
Global:9, user:11, size:3125 loss: 0.0501
Global:9, user:12, size:3125 loss: 0.0504
Global:9, user:13, size:3125 loss: 0.0487
Global:9, user:14, size:3125 loss: 0.0485
Global:9, user:15, size:3125 loss: 0.0492
 
Avg Training Stats after 10 global rounds:
Training Loss : 0.2238956236782938
Train Accuracy: 74.84% 
Test Accuracy: 64.22% 
Best Test Accuracy: 64.22% 


 | Global Training Round : 11 |

Global:10, user:0, size:3125 loss: 0.0433
Global:10, user:1, size:3125 loss: 0.0454
Global:10, user:2, size:3125 loss: 0.0437
Global:10, user:3, size:3125 loss: 0.0430
Global:10, user:4, size:3125 loss: 0.0439
Global:10, user:5, size:3125 loss: 0.0442
Global:10, user:6, size:3125 loss: 0.0432
Global:10, user:7, size:3125 loss: 0.0419
Global:10, user:8, size:3125 loss: 0.0432
Global:10, user:9, size:3125 loss: 0.0414
Global:10, user:10, size:3125 loss: 0.0422
Global:10, user:11, size:3125 loss: 0.0441
Global:10, user:12, size:3125 loss: 0.0446
Global:10, user:13, size:3125 loss: 0.0426
Global:10, user:14, size:3125 loss: 0.0446
Global:10, user:15, size:3125 loss: 0.0447
 
Avg Training Stats after 11 global rounds:
Training Loss : 0.20749548128954567
Train Accuracy: 77.38% 
Test Accuracy: 64.96% 
Best Test Accuracy: 64.96% 


 | Global Training Round : 12 |

Global:11, user:0, size:3125 loss: 0.0380
Global:11, user:1, size:3125 loss: 0.0395
Global:11, user:2, size:3125 loss: 0.0397
Global:11, user:3, size:3125 loss: 0.0386
Global:11, user:4, size:3125 loss: 0.0384
Global:11, user:5, size:3125 loss: 0.0403
Global:11, user:6, size:3125 loss: 0.0381
Global:11, user:7, size:3125 loss: 0.0378
Global:11, user:8, size:3125 loss: 0.0383
Global:11, user:9, size:3125 loss: 0.0379
Global:11, user:10, size:3125 loss: 0.0379
Global:11, user:11, size:3125 loss: 0.0397
Global:11, user:12, size:3125 loss: 0.0388
Global:11, user:13, size:3125 loss: 0.0394
Global:11, user:14, size:3125 loss: 0.0404
Global:11, user:15, size:3125 loss: 0.0385
 
Avg Training Stats after 12 global rounds:
Training Loss : 0.1934404243127538
Train Accuracy: 78.27% 
Test Accuracy: 65.49% 
Best Test Accuracy: 65.49% 


 | Global Training Round : 13 |

Global:12, user:0, size:3125 loss: 0.0344
Global:12, user:1, size:3125 loss: 0.0354
Global:12, user:2, size:3125 loss: 0.0359
Global:12, user:3, size:3125 loss: 0.0364
Global:12, user:4, size:3125 loss: 0.0347
Global:12, user:5, size:3125 loss: 0.0365
Global:12, user:6, size:3125 loss: 0.0357
Global:12, user:7, size:3125 loss: 0.0345
Global:12, user:8, size:3125 loss: 0.0353
Global:12, user:9, size:3125 loss: 0.0332
Global:12, user:10, size:3125 loss: 0.0344
Global:12, user:11, size:3125 loss: 0.0367
Global:12, user:12, size:3125 loss: 0.0371
Global:12, user:13, size:3125 loss: 0.0373
Global:12, user:14, size:3125 loss: 0.0355
Global:12, user:15, size:3125 loss: 0.0362
 
Avg Training Stats after 13 global rounds:
Training Loss : 0.18129745047429444
Train Accuracy: 79.39% 
Test Accuracy: 65.99% 
Best Test Accuracy: 65.99% 


 | Global Training Round : 14 |

Global:13, user:0, size:3125 loss: 0.0317
Global:13, user:1, size:3125 loss: 0.0334
Global:13, user:2, size:3125 loss: 0.0329
Global:13, user:3, size:3125 loss: 0.0316
Global:13, user:4, size:3125 loss: 0.0318
Global:13, user:5, size:3125 loss: 0.0333
Global:13, user:6, size:3125 loss: 0.0319
Global:13, user:7, size:3125 loss: 0.0313
Global:13, user:8, size:3125 loss: 0.0306
Global:13, user:9, size:3125 loss: 0.0308
Global:13, user:10, size:3125 loss: 0.0327
Global:13, user:11, size:3125 loss: 0.0333
Global:13, user:12, size:3125 loss: 0.0342
Global:13, user:13, size:3125 loss: 0.0323
Global:13, user:14, size:3125 loss: 0.0326
Global:13, user:15, size:3125 loss: 0.0320
 
Avg Training Stats after 14 global rounds:
Training Loss : 0.17065281943887517
Train Accuracy: 80.81% 
Test Accuracy: 66.71% 
Best Test Accuracy: 66.71% 


 | Global Training Round : 15 |

Global:14, user:0, size:3125 loss: 0.0280
Global:14, user:1, size:3125 loss: 0.0287
Global:14, user:2, size:3125 loss: 0.0302
Global:14, user:3, size:3125 loss: 0.0293
Global:14, user:4, size:3125 loss: 0.0292
Global:14, user:5, size:3125 loss: 0.0292
Global:14, user:6, size:3125 loss: 0.0293
Global:14, user:7, size:3125 loss: 0.0286
Global:14, user:8, size:3125 loss: 0.0286
Global:14, user:9, size:3125 loss: 0.0280
Global:14, user:10, size:3125 loss: 0.0282
Global:14, user:11, size:3125 loss: 0.0298
Global:14, user:12, size:3125 loss: 0.0297
Global:14, user:13, size:3125 loss: 0.0298
Global:14, user:14, size:3125 loss: 0.0308
Global:14, user:15, size:3125 loss: 0.0295
 
Avg Training Stats after 15 global rounds:
Training Loss : 0.1612214062426987
Train Accuracy: 82.29% 
Test Accuracy: 67.07% 
Best Test Accuracy: 67.07% 


 | Global Training Round : 16 |

Global:15, user:0, size:3125 loss: 0.0260
Global:15, user:1, size:3125 loss: 0.0259
Global:15, user:2, size:3125 loss: 0.0268
Global:15, user:3, size:3125 loss: 0.0269
Global:15, user:4, size:3125 loss: 0.0264
Global:15, user:5, size:3125 loss: 0.0284
Global:15, user:6, size:3125 loss: 0.0268
Global:15, user:7, size:3125 loss: 0.0268
Global:15, user:8, size:3125 loss: 0.0253
Global:15, user:9, size:3125 loss: 0.0263
Global:15, user:10, size:3125 loss: 0.0262
Global:15, user:11, size:3125 loss: 0.0278
Global:15, user:12, size:3125 loss: 0.0282
Global:15, user:13, size:3125 loss: 0.0264
Global:15, user:14, size:3125 loss: 0.0272
Global:15, user:15, size:3125 loss: 0.0277
 
Avg Training Stats after 16 global rounds:
Training Loss : 0.15282140547769632
Train Accuracy: 83.51% 
Test Accuracy: 67.43% 
Best Test Accuracy: 67.43% 


 | Global Training Round : 17 |

Global:16, user:0, size:3125 loss: 0.0238
Global:16, user:1, size:3125 loss: 0.0243
Global:16, user:2, size:3125 loss: 0.0247
Global:16, user:3, size:3125 loss: 0.0242
Global:16, user:4, size:3125 loss: 0.0240
Global:16, user:5, size:3125 loss: 0.0251
Global:16, user:6, size:3125 loss: 0.0239
Global:16, user:7, size:3125 loss: 0.0241
Global:16, user:8, size:3125 loss: 0.0248
Global:16, user:9, size:3125 loss: 0.0236
Global:16, user:10, size:3125 loss: 0.0236
Global:16, user:11, size:3125 loss: 0.0246
Global:16, user:12, size:3125 loss: 0.0244
Global:16, user:13, size:3125 loss: 0.0235
Global:16, user:14, size:3125 loss: 0.0253
Global:16, user:15, size:3125 loss: 0.0246
 
Avg Training Stats after 17 global rounds:
Training Loss : 0.14526062259438519
Train Accuracy: 84.13% 
Test Accuracy: 67.84% 
Best Test Accuracy: 67.84% 


 | Global Training Round : 18 |

Global:17, user:0, size:3125 loss: 0.0212
Global:17, user:1, size:3125 loss: 0.0227
Global:17, user:2, size:3125 loss: 0.0229
Global:17, user:3, size:3125 loss: 0.0219
Global:17, user:4, size:3125 loss: 0.0222
Global:17, user:5, size:3125 loss: 0.0220
Global:17, user:6, size:3125 loss: 0.0216
Global:17, user:7, size:3125 loss: 0.0219
Global:17, user:8, size:3125 loss: 0.0214
Global:17, user:9, size:3125 loss: 0.0209
Global:17, user:10, size:3125 loss: 0.0215
Global:17, user:11, size:3125 loss: 0.0224
Global:17, user:12, size:3125 loss: 0.0227
Global:17, user:13, size:3125 loss: 0.0214
Global:17, user:14, size:3125 loss: 0.0230
Global:17, user:15, size:3125 loss: 0.0228
 
Avg Training Stats after 18 global rounds:
Training Loss : 0.1384146989361708
Train Accuracy: 86.06% 
Test Accuracy: 68.15% 
Best Test Accuracy: 68.15% 


 | Global Training Round : 19 |

Global:18, user:0, size:3125 loss: 0.0196
Global:18, user:1, size:3125 loss: 0.0205
Global:18, user:2, size:3125 loss: 0.0207
Global:18, user:3, size:3125 loss: 0.0195
Global:18, user:4, size:3125 loss: 0.0199
Global:18, user:5, size:3125 loss: 0.0208
Global:18, user:6, size:3125 loss: 0.0199
Global:18, user:7, size:3125 loss: 0.0196
Global:18, user:8, size:3125 loss: 0.0195
Global:18, user:9, size:3125 loss: 0.0191
Global:18, user:10, size:3125 loss: 0.0190
Global:18, user:11, size:3125 loss: 0.0202
Global:18, user:12, size:3125 loss: 0.0205
Global:18, user:13, size:3125 loss: 0.0203
Global:18, user:14, size:3125 loss: 0.0204
Global:18, user:15, size:3125 loss: 0.0202
 
Avg Training Stats after 19 global rounds:
Training Loss : 0.13218113308677995
Train Accuracy: 86.66% 
Test Accuracy: 68.12% 
Best Test Accuracy: 68.15% 


 | Global Training Round : 20 |

Global:19, user:0, size:3125 loss: 0.0177
Global:19, user:1, size:3125 loss: 0.0191
Global:19, user:2, size:3125 loss: 0.0186
Global:19, user:3, size:3125 loss: 0.0179
Global:19, user:4, size:3125 loss: 0.0183
Global:19, user:5, size:3125 loss: 0.0180
Global:19, user:6, size:3125 loss: 0.0176
Global:19, user:7, size:3125 loss: 0.0183
Global:19, user:8, size:3125 loss: 0.0173
Global:19, user:9, size:3125 loss: 0.0178
Global:19, user:10, size:3125 loss: 0.0180
Global:19, user:11, size:3125 loss: 0.0189
Global:19, user:12, size:3125 loss: 0.0182
Global:19, user:13, size:3125 loss: 0.0171
Global:19, user:14, size:3125 loss: 0.0185
Global:19, user:15, size:3125 loss: 0.0190
 
Avg Training Stats after 20 global rounds:
Training Loss : 0.12647948128687014
Train Accuracy: 88.24% 
Test Accuracy: 68.35% 
Best Test Accuracy: 68.35% 


 | Global Training Round : 21 |

Global:20, user:0, size:3125 loss: 0.0160
Global:20, user:1, size:3125 loss: 0.0168
Global:20, user:2, size:3125 loss: 0.0173
Global:20, user:3, size:3125 loss: 0.0161
Global:20, user:4, size:3125 loss: 0.0171
Global:20, user:5, size:3125 loss: 0.0174
Global:20, user:6, size:3125 loss: 0.0159
Global:20, user:7, size:3125 loss: 0.0164
Global:20, user:8, size:3125 loss: 0.0161
Global:20, user:9, size:3125 loss: 0.0158
Global:20, user:10, size:3125 loss: 0.0172
Global:20, user:11, size:3125 loss: 0.0178
Global:20, user:12, size:3125 loss: 0.0169
Global:20, user:13, size:3125 loss: 0.0159
Global:20, user:14, size:3125 loss: 0.0165
Global:20, user:15, size:3125 loss: 0.0164
 
Avg Training Stats after 21 global rounds:
Training Loss : 0.12124730960993302
Train Accuracy: 89.54% 
Test Accuracy: 68.36% 
Best Test Accuracy: 68.36% 


 | Global Training Round : 22 |

Global:21, user:0, size:3125 loss: 0.0149
Global:21, user:1, size:3125 loss: 0.0154
Global:21, user:2, size:3125 loss: 0.0161
Global:21, user:3, size:3125 loss: 0.0149
Global:21, user:4, size:3125 loss: 0.0155
Global:21, user:5, size:3125 loss: 0.0156
Global:21, user:6, size:3125 loss: 0.0154
Global:21, user:7, size:3125 loss: 0.0150
Global:21, user:8, size:3125 loss: 0.0151
Global:21, user:9, size:3125 loss: 0.0147
Global:21, user:10, size:3125 loss: 0.0154
Global:21, user:11, size:3125 loss: 0.0160
Global:21, user:12, size:3125 loss: 0.0158
Global:21, user:13, size:3125 loss: 0.0151
Global:21, user:14, size:3125 loss: 0.0161
Global:21, user:15, size:3125 loss: 0.0153
 
Avg Training Stats after 22 global rounds:
Training Loss : 0.11643583531523606
Train Accuracy: 89.76% 
Test Accuracy: 68.61% 
Best Test Accuracy: 68.61% 


 | Global Training Round : 23 |

Global:22, user:0, size:3125 loss: 0.0142
Global:22, user:1, size:3125 loss: 0.0144
Global:22, user:2, size:3125 loss: 0.0153
Global:22, user:3, size:3125 loss: 0.0144
Global:22, user:4, size:3125 loss: 0.0144
Global:22, user:5, size:3125 loss: 0.0146
Global:22, user:6, size:3125 loss: 0.0139
Global:22, user:7, size:3125 loss: 0.0143
Global:22, user:8, size:3125 loss: 0.0145
Global:22, user:9, size:3125 loss: 0.0141
Global:22, user:10, size:3125 loss: 0.0144
Global:22, user:11, size:3125 loss: 0.0147
Global:22, user:12, size:3125 loss: 0.0150
Global:22, user:13, size:3125 loss: 0.0139
Global:22, user:14, size:3125 loss: 0.0148
Global:22, user:15, size:3125 loss: 0.0147
 
Avg Training Stats after 23 global rounds:
Training Loss : 0.11200290988118505
Train Accuracy: 91.25% 
Test Accuracy: 68.64% 
Best Test Accuracy: 68.64% 


 | Global Training Round : 24 |

Global:23, user:0, size:3125 loss: 0.0141
Global:23, user:1, size:3125 loss: 0.0143
Global:23, user:2, size:3125 loss: 0.0142
Global:23, user:3, size:3125 loss: 0.0140
Global:23, user:4, size:3125 loss: 0.0141
Global:23, user:5, size:3125 loss: 0.0144
Global:23, user:6, size:3125 loss: 0.0139
Global:23, user:7, size:3125 loss: 0.0140
Global:23, user:8, size:3125 loss: 0.0139
Global:23, user:9, size:3125 loss: 0.0140
Global:23, user:10, size:3125 loss: 0.0142
Global:23, user:11, size:3125 loss: 0.0147
Global:23, user:12, size:3125 loss: 0.0146
Global:23, user:13, size:3125 loss: 0.0137
Global:23, user:14, size:3125 loss: 0.0144
Global:23, user:15, size:3125 loss: 0.0146
 
Avg Training Stats after 24 global rounds:
Training Loss : 0.10792782191300648
Train Accuracy: 91.39% 
Test Accuracy: 68.70% 
Best Test Accuracy: 68.70% 


 | Global Training Round : 25 |

Global:24, user:0, size:3125 loss: 0.0142
Global:24, user:1, size:3125 loss: 0.0145
Global:24, user:2, size:3125 loss: 0.0147
Global:24, user:3, size:3125 loss: 0.0143
Global:24, user:4, size:3125 loss: 0.0144
Global:24, user:5, size:3125 loss: 0.0146
Global:24, user:6, size:3125 loss: 0.0143
Global:24, user:7, size:3125 loss: 0.0143
Global:24, user:8, size:3125 loss: 0.0143
Global:24, user:9, size:3125 loss: 0.0140
Global:24, user:10, size:3125 loss: 0.0142
Global:24, user:11, size:3125 loss: 0.0148
Global:24, user:12, size:3125 loss: 0.0149
Global:24, user:13, size:3125 loss: 0.0142
Global:24, user:14, size:3125 loss: 0.0145
Global:24, user:15, size:3125 loss: 0.0148
 
Avg Training Stats after 25 global rounds:
Training Loss : 0.10418832799246953
Train Accuracy: 92.83% 
Test Accuracy: 68.74% 
Best Test Accuracy: 68.74% 


 | Global Training Round : 26 |

Global:25, user:0, size:3125 loss: 0.0151
Global:25, user:1, size:3125 loss: 0.0156
Global:25, user:2, size:3125 loss: 0.0159
Global:25, user:3, size:3125 loss: 0.0155
Global:25, user:4, size:3125 loss: 0.0153
Global:25, user:5, size:3125 loss: 0.0159
Global:25, user:6, size:3125 loss: 0.0152
Global:25, user:7, size:3125 loss: 0.0156
Global:25, user:8, size:3125 loss: 0.0153
Global:25, user:9, size:3125 loss: 0.0150
Global:25, user:10, size:3125 loss: 0.0156
Global:25, user:11, size:3125 loss: 0.0160
Global:25, user:12, size:3125 loss: 0.0161
Global:25, user:13, size:3125 loss: 0.0151
Global:25, user:14, size:3125 loss: 0.0159
Global:25, user:15, size:3125 loss: 0.0161
 
Avg Training Stats after 26 global rounds:
Training Loss : 0.10078016497556438
Train Accuracy: 93.35% 
Test Accuracy: 68.68% 
Best Test Accuracy: 68.74% 


 | Global Training Round : 27 |

Global:26, user:0, size:3125 loss: 0.0175
Global:26, user:1, size:3125 loss: 0.0182
Global:26, user:2, size:3125 loss: 0.0182
Global:26, user:3, size:3125 loss: 0.0177
Global:26, user:4, size:3125 loss: 0.0176
Global:26, user:5, size:3125 loss: 0.0182
Global:26, user:6, size:3125 loss: 0.0175
Global:26, user:7, size:3125 loss: 0.0180
Global:26, user:8, size:3125 loss: 0.0177
Global:26, user:9, size:3125 loss: 0.0174
Global:26, user:10, size:3125 loss: 0.0179
Global:26, user:11, size:3125 loss: 0.0185
Global:26, user:12, size:3125 loss: 0.0186
Global:26, user:13, size:3125 loss: 0.0171
Global:26, user:14, size:3125 loss: 0.0181
Global:26, user:15, size:3125 loss: 0.0182
 
Avg Training Stats after 27 global rounds:
Training Loss : 0.0977099860408531
Train Accuracy: 93.97% 
Test Accuracy: 68.68% 
Best Test Accuracy: 68.74% 


 | Global Training Round : 28 |

Global:27, user:0, size:3125 loss: 0.0222
Global:27, user:1, size:3125 loss: 0.0228
Global:27, user:2, size:3125 loss: 0.0231
Global:27, user:3, size:3125 loss: 0.0225
Global:27, user:4, size:3125 loss: 0.0224
Global:27, user:5, size:3125 loss: 0.0231
Global:27, user:6, size:3125 loss: 0.0222
Global:27, user:7, size:3125 loss: 0.0225
Global:27, user:8, size:3125 loss: 0.0226
Global:27, user:9, size:3125 loss: 0.0219
Global:27, user:10, size:3125 loss: 0.0228
Global:27, user:11, size:3125 loss: 0.0232
Global:27, user:12, size:3125 loss: 0.0235
Global:27, user:13, size:3125 loss: 0.0218
Global:27, user:14, size:3125 loss: 0.0232
Global:27, user:15, size:3125 loss: 0.0231
 
Avg Training Stats after 28 global rounds:
Training Loss : 0.09503007160866504
Train Accuracy: 94.73% 
Test Accuracy: 68.66% 
Best Test Accuracy: 68.74% 


 | Global Training Round : 29 |

Global:28, user:0, size:3125 loss: 0.0325
Global:28, user:1, size:3125 loss: 0.0334
Global:28, user:2, size:3125 loss: 0.0338
Global:28, user:3, size:3125 loss: 0.0328
Global:28, user:4, size:3125 loss: 0.0326
Global:28, user:5, size:3125 loss: 0.0337
Global:28, user:6, size:3125 loss: 0.0323
Global:28, user:7, size:3125 loss: 0.0331
Global:28, user:8, size:3125 loss: 0.0327
Global:28, user:9, size:3125 loss: 0.0320
Global:28, user:10, size:3125 loss: 0.0333
Global:28, user:11, size:3125 loss: 0.0340
Global:28, user:12, size:3125 loss: 0.0342
Global:28, user:13, size:3125 loss: 0.0318
Global:28, user:14, size:3125 loss: 0.0340
Global:28, user:15, size:3125 loss: 0.0339
 
Avg Training Stats after 29 global rounds:
Training Loss : 0.09289598438492112
Train Accuracy: 94.97% 
Test Accuracy: 68.38% 
Best Test Accuracy: 68.74% 


 | Global Training Round : 30 |

Global:29, user:0, size:3125 loss: 0.0634
Global:29, user:1, size:3125 loss: 0.0646
Global:29, user:2, size:3125 loss: 0.0662
Global:29, user:3, size:3125 loss: 0.0637
Global:29, user:4, size:3125 loss: 0.0635
Global:29, user:5, size:3125 loss: 0.0654
Global:29, user:6, size:3125 loss: 0.0629
Global:29, user:7, size:3125 loss: 0.0645
Global:29, user:8, size:3125 loss: 0.0634
Global:29, user:9, size:3125 loss: 0.0619
Global:29, user:10, size:3125 loss: 0.0650
Global:29, user:11, size:3125 loss: 0.0656
Global:29, user:12, size:3125 loss: 0.0662
Global:29, user:13, size:3125 loss: 0.0620
Global:29, user:14, size:3125 loss: 0.0654
Global:29, user:15, size:3125 loss: 0.0660
 
Avg Training Stats after 30 global rounds:
Training Loss : 0.09194482875209554
Train Accuracy: 95.37% 
Test Accuracy: 68.48% 
Best Test Accuracy: 68.74% 

 
 Results after 30 global rounds of training:
|---- Avg Train Accuracy: 95.37%
|---- Test Accuracy: 68.48%

 Total Run Time: 116140.1137
