2022-07-15-00_14_38

Experimental details:
    Model     : resnet18
    Optimizer : sgd
    Learning  : 0.01
    Global Rounds   : 2

    Federated parameters:
    IID
    Local Batch size   : 128
    Local Epochs       : 2

    num_users   : 16
ResNet(
  (conv1): Conv2d(3, 64, kernel_size=(3, 3), stride=(1, 1), padding=(1, 1), bias=False)
  (bn1): BatchNorm2d(64, eps=1e-05, momentum=0.1, affine=True, track_running_stats=True)
  (layer1): Sequential(
    (0): BasicBlock(
      (conv1): Conv2d(64, 64, kernel_size=(3, 3), stride=(1, 1), padding=(1, 1), bias=False)
      (bn1): BatchNorm2d(64, eps=1e-05, momentum=0.1, affine=True, track_running_stats=True)
      (conv2): Conv2d(64, 64, kernel_size=(3, 3), stride=(1, 1), padding=(1, 1), bias=False)
      (bn2): BatchNorm2d(64, eps=1e-05, momentum=0.1, affine=True, track_running_stats=True)
      (shortcut): Sequential()
    )
    (1): BasicBlock(
      (conv1): Conv2d(64, 64, kernel_size=(3, 3), stride=(1, 1), padding=(1, 1), bias=False)
      (bn1): BatchNorm2d(64, eps=1e-05, momentum=0.1, affine=True, track_running_stats=True)
      (conv2): Conv2d(64, 64, kernel_size=(3, 3), stride=(1, 1), padding=(1, 1), bias=False)
      (bn2): BatchNorm2d(64, eps=1e-05, momentum=0.1, affine=True, track_running_stats=True)
      (shortcut): Sequential()
    )
  )
  (layer2): Sequential(
    (0): BasicBlock(
      (conv1): Conv2d(64, 128, kernel_size=(3, 3), stride=(2, 2), padding=(1, 1), bias=False)
      (bn1): BatchNorm2d(128, eps=1e-05, momentum=0.1, affine=True, track_running_stats=True)
      (conv2): Conv2d(128, 128, kernel_size=(3, 3), stride=(1, 1), padding=(1, 1), bias=False)
      (bn2): BatchNorm2d(128, eps=1e-05, momentum=0.1, affine=True, track_running_stats=True)
      (shortcut): Sequential(
        (0): Conv2d(64, 128, kernel_size=(1, 1), stride=(2, 2), bias=False)
        (1): BatchNorm2d(128, eps=1e-05, momentum=0.1, affine=True, track_running_stats=True)
      )
    )
    (1): BasicBlock(
      (conv1): Conv2d(128, 128, kernel_size=(3, 3), stride=(1, 1), padding=(1, 1), bias=False)
      (bn1): BatchNorm2d(128, eps=1e-05, momentum=0.1, affine=True, track_running_stats=True)
      (conv2): Conv2d(128, 128, kernel_size=(3, 3), stride=(1, 1), padding=(1, 1), bias=False)
      (bn2): BatchNorm2d(128, eps=1e-05, momentum=0.1, affine=True, track_running_stats=True)
      (shortcut): Sequential()
    )
  )
  (layer3): Sequential(
    (0): BasicBlock(
      (conv1): Conv2d(128, 256, kernel_size=(3, 3), stride=(2, 2), padding=(1, 1), bias=False)
      (bn1): BatchNorm2d(256, eps=1e-05, momentum=0.1, affine=True, track_running_stats=True)
      (conv2): Conv2d(256, 256, kernel_size=(3, 3), stride=(1, 1), padding=(1, 1), bias=False)
      (bn2): BatchNorm2d(256, eps=1e-05, momentum=0.1, affine=True, track_running_stats=True)
      (shortcut): Sequential(
        (0): Conv2d(128, 256, kernel_size=(1, 1), stride=(2, 2), bias=False)
        (1): BatchNorm2d(256, eps=1e-05, momentum=0.1, affine=True, track_running_stats=True)
      )
    )
    (1): BasicBlock(
      (conv1): Conv2d(256, 256, kernel_size=(3, 3), stride=(1, 1), padding=(1, 1), bias=False)
      (bn1): BatchNorm2d(256, eps=1e-05, momentum=0.1, affine=True, track_running_stats=True)
      (conv2): Conv2d(256, 256, kernel_size=(3, 3), stride=(1, 1), padding=(1, 1), bias=False)
      (bn2): BatchNorm2d(256, eps=1e-05, momentum=0.1, affine=True, track_running_stats=True)
      (shortcut): Sequential()
    )
  )
  (layer4): Sequential(
    (0): BasicBlock(
      (conv1): Conv2d(256, 512, kernel_size=(3, 3), stride=(2, 2), padding=(1, 1), bias=False)
      (bn1): BatchNorm2d(512, eps=1e-05, momentum=0.1, affine=True, track_running_stats=True)
      (conv2): Conv2d(512, 512, kernel_size=(3, 3), stride=(1, 1), padding=(1, 1), bias=False)
      (bn2): BatchNorm2d(512, eps=1e-05, momentum=0.1, affine=True, track_running_stats=True)
      (shortcut): Sequential(
        (0): Conv2d(256, 512, kernel_size=(1, 1), stride=(2, 2), bias=False)
        (1): BatchNorm2d(512, eps=1e-05, momentum=0.1, affine=True, track_running_stats=True)
      )
    )
    (1): BasicBlock(
      (conv1): Conv2d(512, 512, kernel_size=(3, 3), stride=(1, 1), padding=(1, 1), bias=False)
      (bn1): BatchNorm2d(512, eps=1e-05, momentum=0.1, affine=True, track_running_stats=True)
      (conv2): Conv2d(512, 512, kernel_size=(3, 3), stride=(1, 1), padding=(1, 1), bias=False)
      (bn2): BatchNorm2d(512, eps=1e-05, momentum=0.1, affine=True, track_running_stats=True)
      (shortcut): Sequential()
    )
  )
  (linear): Linear(in_features=512, out_features=100, bias=True)
)

 | Global Training Round : 1 |

Global:0, user:0, size:3125 loss: 2.0756
Global:0, user:1, size:3125 loss: 2.0753
Global:0, user:2, size:3125 loss: 2.1109
Global:0, user:3, size:3125 loss: 2.0907
Global:0, user:4, size:3125 loss: 2.0973
Global:0, user:5, size:3125 loss: 2.0561
Global:0, user:6, size:3125 loss: 2.1212
Global:0, user:7, size:3125 loss: 2.0824
Global:0, user:8, size:3125 loss: 2.0816
Global:0, user:9, size:3125 loss: 2.0825
Global:0, user:10, size:3125 loss: 2.1037
Global:0, user:11, size:3125 loss: 2.1015
Global:0, user:12, size:3125 loss: 2.0818
Global:0, user:13, size:3125 loss: 2.0914
Global:0, user:14, size:3125 loss: 2.0968
Global:0, user:15, size:3125 loss: 2.0754
 
Avg Training Stats after 1 global rounds:
Training Loss : 2.0890036022663114
Train Accuracy: 13.20% 
Test Accuracy: 14.62% 
Best Test Accuracy: 14.62% 


 | Global Training Round : 2 |

Global:1, user:0, size:3125 loss: 1.6804
Global:1, user:1, size:3125 loss: 1.6471
Global:1, user:2, size:3125 loss: 1.6785
Global:1, user:3, size:3125 loss: 1.6672
Global:1, user:4, size:3125 loss: 1.6547
Global:1, user:5, size:3125 loss: 1.6695
Global:1, user:6, size:3125 loss: 1.6605
Global:1, user:7, size:3125 loss: 1.6762
Global:1, user:8, size:3125 loss: 1.6677
Global:1, user:9, size:3125 loss: 1.6690
Global:1, user:10, size:3125 loss: 1.6431
Global:1, user:11, size:3125 loss: 1.6593
Global:1, user:12, size:3125 loss: 1.6797
Global:1, user:13, size:3125 loss: 1.6811
Global:1, user:14, size:3125 loss: 1.6869
Global:1, user:15, size:3125 loss: 1.6737
 
Avg Training Stats after 2 global rounds:
Training Loss : 1.8787024480849506
Train Accuracy: 42.67% 
Test Accuracy: 44.17% 
Best Test Accuracy: 44.17% 

 
 Results after 2 global rounds of training:
|---- Avg Train Accuracy: 42.67%
|---- Test Accuracy: 44.17%

 Total Run Time: 177.1090
