2022-07-14-13_37_27

Experimental details:
    Model     : resnext
    Optimizer : sgd
    Learning  : 0.01
    Global Rounds   : 30

    Federated parameters:
    IID
    Local Batch size   : 64
    Local Epochs       : 100

    num_users   : 16
    pretrained_model   : ./checkpoint/pretrain-cifar100-resnext.best.pth.tar
CifarResNeXt(
  (conv_1_3x3): Conv2d(3, 64, kernel_size=(3, 3), stride=(1, 1), padding=(1, 1), bias=False)
  (bn_1): BatchNorm2d(64, eps=1e-05, momentum=0.1, affine=True, track_running_stats=True)
  (stage_1): Sequential(
    (stage_1_bottleneck_0): ResNeXtBottleneck(
      (conv_reduce): Conv2d(64, 512, kernel_size=(1, 1), stride=(1, 1), bias=False)
      (bn_reduce): BatchNorm2d(512, eps=1e-05, momentum=0.1, affine=True, track_running_stats=True)
      (conv_conv): Conv2d(512, 512, kernel_size=(3, 3), stride=(1, 1), padding=(1, 1), groups=8, bias=False)
      (bn): BatchNorm2d(512, eps=1e-05, momentum=0.1, affine=True, track_running_stats=True)
      (conv_expand): Conv2d(512, 256, kernel_size=(1, 1), stride=(1, 1), bias=False)
      (bn_expand): BatchNorm2d(256, eps=1e-05, momentum=0.1, affine=True, track_running_stats=True)
      (shortcut): Sequential(
        (shortcut_conv): Conv2d(64, 256, kernel_size=(1, 1), stride=(1, 1), bias=False)
        (shortcut_bn): BatchNorm2d(256, eps=1e-05, momentum=0.1, affine=True, track_running_stats=True)
      )
    )
    (stage_1_bottleneck_1): ResNeXtBottleneck(
      (conv_reduce): Conv2d(256, 512, kernel_size=(1, 1), stride=(1, 1), bias=False)
      (bn_reduce): BatchNorm2d(512, eps=1e-05, momentum=0.1, affine=True, track_running_stats=True)
      (conv_conv): Conv2d(512, 512, kernel_size=(3, 3), stride=(1, 1), padding=(1, 1), groups=8, bias=False)
      (bn): BatchNorm2d(512, eps=1e-05, momentum=0.1, affine=True, track_running_stats=True)
      (conv_expand): Conv2d(512, 256, kernel_size=(1, 1), stride=(1, 1), bias=False)
      (bn_expand): BatchNorm2d(256, eps=1e-05, momentum=0.1, affine=True, track_running_stats=True)
      (shortcut): Sequential()
    )
    (stage_1_bottleneck_2): ResNeXtBottleneck(
      (conv_reduce): Conv2d(256, 512, kernel_size=(1, 1), stride=(1, 1), bias=False)
      (bn_reduce): BatchNorm2d(512, eps=1e-05, momentum=0.1, affine=True, track_running_stats=True)
      (conv_conv): Conv2d(512, 512, kernel_size=(3, 3), stride=(1, 1), padding=(1, 1), groups=8, bias=False)
      (bn): BatchNorm2d(512, eps=1e-05, momentum=0.1, affine=True, track_running_stats=True)
      (conv_expand): Conv2d(512, 256, kernel_size=(1, 1), stride=(1, 1), bias=False)
      (bn_expand): BatchNorm2d(256, eps=1e-05, momentum=0.1, affine=True, track_running_stats=True)
      (shortcut): Sequential()
    )
  )
  (stage_2): Sequential(
    (stage_2_bottleneck_0): ResNeXtBottleneck(
      (conv_reduce): Conv2d(256, 1024, kernel_size=(1, 1), stride=(1, 1), bias=False)
      (bn_reduce): BatchNorm2d(1024, eps=1e-05, momentum=0.1, affine=True, track_running_stats=True)
      (conv_conv): Conv2d(1024, 1024, kernel_size=(3, 3), stride=(2, 2), padding=(1, 1), groups=8, bias=False)
      (bn): BatchNorm2d(1024, eps=1e-05, momentum=0.1, affine=True, track_running_stats=True)
      (conv_expand): Conv2d(1024, 512, kernel_size=(1, 1), stride=(1, 1), bias=False)
      (bn_expand): BatchNorm2d(512, eps=1e-05, momentum=0.1, affine=True, track_running_stats=True)
      (shortcut): Sequential(
        (shortcut_conv): Conv2d(256, 512, kernel_size=(1, 1), stride=(2, 2), bias=False)
        (shortcut_bn): BatchNorm2d(512, eps=1e-05, momentum=0.1, affine=True, track_running_stats=True)
      )
    )
    (stage_2_bottleneck_1): ResNeXtBottleneck(
      (conv_reduce): Conv2d(512, 1024, kernel_size=(1, 1), stride=(1, 1), bias=False)
      (bn_reduce): BatchNorm2d(1024, eps=1e-05, momentum=0.1, affine=True, track_running_stats=True)
      (conv_conv): Conv2d(1024, 1024, kernel_size=(3, 3), stride=(1, 1), padding=(1, 1), groups=8, bias=False)
      (bn): BatchNorm2d(1024, eps=1e-05, momentum=0.1, affine=True, track_running_stats=True)
      (conv_expand): Conv2d(1024, 512, kernel_size=(1, 1), stride=(1, 1), bias=False)
      (bn_expand): BatchNorm2d(512, eps=1e-05, momentum=0.1, affine=True, track_running_stats=True)
      (shortcut): Sequential()
    )
    (stage_2_bottleneck_2): ResNeXtBottleneck(
      (conv_reduce): Conv2d(512, 1024, kernel_size=(1, 1), stride=(1, 1), bias=False)
      (bn_reduce): BatchNorm2d(1024, eps=1e-05, momentum=0.1, affine=True, track_running_stats=True)
      (conv_conv): Conv2d(1024, 1024, kernel_size=(3, 3), stride=(1, 1), padding=(1, 1), groups=8, bias=False)
      (bn): BatchNorm2d(1024, eps=1e-05, momentum=0.1, affine=True, track_running_stats=True)
      (conv_expand): Conv2d(1024, 512, kernel_size=(1, 1), stride=(1, 1), bias=False)
      (bn_expand): BatchNorm2d(512, eps=1e-05, momentum=0.1, affine=True, track_running_stats=True)
      (shortcut): Sequential()
    )
  )
  (stage_3): Sequential(
    (stage_3_bottleneck_0): ResNeXtBottleneck(
      (conv_reduce): Conv2d(512, 2048, kernel_size=(1, 1), stride=(1, 1), bias=False)
      (bn_reduce): BatchNorm2d(2048, eps=1e-05, momentum=0.1, affine=True, track_running_stats=True)
      (conv_conv): Conv2d(2048, 2048, kernel_size=(3, 3), stride=(2, 2), padding=(1, 1), groups=8, bias=False)
      (bn): BatchNorm2d(2048, eps=1e-05, momentum=0.1, affine=True, track_running_stats=True)
      (conv_expand): Conv2d(2048, 1024, kernel_size=(1, 1), stride=(1, 1), bias=False)
      (bn_expand): BatchNorm2d(1024, eps=1e-05, momentum=0.1, affine=True, track_running_stats=True)
      (shortcut): Sequential(
        (shortcut_conv): Conv2d(512, 1024, kernel_size=(1, 1), stride=(2, 2), bias=False)
        (shortcut_bn): BatchNorm2d(1024, eps=1e-05, momentum=0.1, affine=True, track_running_stats=True)
      )
    )
    (stage_3_bottleneck_1): ResNeXtBottleneck(
      (conv_reduce): Conv2d(1024, 2048, kernel_size=(1, 1), stride=(1, 1), bias=False)
      (bn_reduce): BatchNorm2d(2048, eps=1e-05, momentum=0.1, affine=True, track_running_stats=True)
      (conv_conv): Conv2d(2048, 2048, kernel_size=(3, 3), stride=(1, 1), padding=(1, 1), groups=8, bias=False)
      (bn): BatchNorm2d(2048, eps=1e-05, momentum=0.1, affine=True, track_running_stats=True)
      (conv_expand): Conv2d(2048, 1024, kernel_size=(1, 1), stride=(1, 1), bias=False)
      (bn_expand): BatchNorm2d(1024, eps=1e-05, momentum=0.1, affine=True, track_running_stats=True)
      (shortcut): Sequential()
    )
    (stage_3_bottleneck_2): ResNeXtBottleneck(
      (conv_reduce): Conv2d(1024, 2048, kernel_size=(1, 1), stride=(1, 1), bias=False)
      (bn_reduce): BatchNorm2d(2048, eps=1e-05, momentum=0.1, affine=True, track_running_stats=True)
      (conv_conv): Conv2d(2048, 2048, kernel_size=(3, 3), stride=(1, 1), padding=(1, 1), groups=8, bias=False)
      (bn): BatchNorm2d(2048, eps=1e-05, momentum=0.1, affine=True, track_running_stats=True)
      (conv_expand): Conv2d(2048, 1024, kernel_size=(1, 1), stride=(1, 1), bias=False)
      (bn_expand): BatchNorm2d(1024, eps=1e-05, momentum=0.1, affine=True, track_running_stats=True)
      (shortcut): Sequential()
    )
  )
  (classifier): Linear(in_features=1024, out_features=100, bias=True)
)
===> Pretrained weights found in total: [188]
===> Pre-trained model loaded: ./checkpoint/pretrain-cifar100-resnext.best.pth.tar

 | Global Training Round : 1 |

Global:0, user:0, size:3125 loss: 1.5195
Global:0, user:1, size:3125 loss: 1.4530
Global:0, user:2, size:3125 loss: 1.4656
Global:0, user:3, size:3125 loss: 1.4057
Global:0, user:4, size:3125 loss: 1.4389
Global:0, user:5, size:3125 loss: 1.4491
Global:0, user:6, size:3125 loss: 1.4784
Global:0, user:7, size:3125 loss: 1.4625
Global:0, user:8, size:3125 loss: 1.4702
Global:0, user:9, size:3125 loss: 1.4452
Global:0, user:10, size:3125 loss: 1.4641
Global:0, user:11, size:3125 loss: 1.4776
Global:0, user:12, size:3125 loss: 1.4364
Global:0, user:13, size:3125 loss: 1.4420
Global:0, user:14, size:3125 loss: 1.4299
