2022-07-14-08_00_52

Experimental details:
    Model     : resnext
    Optimizer : sgd
    Learning  : 0.01
    Global Rounds   : 1

    Federated parameters:
    IID
    Local Batch size   : 128
    Local Epochs       : 1

    num_users   : 2
    pretrained_model   : ./checkpoint/pretrain-cifar100-resnext.best.pth.tar
CifarResNeXt(
  (conv_1_3x3): Conv2d(3, 64, kernel_size=(3, 3), stride=(1, 1), padding=(1, 1), bias=False)
  (bn_1): BatchNorm2d(64, eps=1e-05, momentum=0.1, affine=True, track_running_stats=True)
  (stage_1): Sequential(
    (stage_1_bottleneck_0): ResNeXtBottleneck(
      (conv_reduce): Conv2d(64, 512, kernel_size=(1, 1), stride=(1, 1), bias=False)
      (bn_reduce): BatchNorm2d(512, eps=1e-05, momentum=0.1, affine=True, track_running_stats=True)
      (conv_conv): Conv2d(512, 512, kernel_size=(3, 3), stride=(1, 1), padding=(1, 1), groups=8, bias=False)
      (bn): BatchNorm2d(512, eps=1e-05, momentum=0.1, affine=True, track_running_stats=True)
      (conv_expand): Conv2d(512, 256, kernel_size=(1, 1), stride=(1, 1), bias=False)
      (bn_expand): BatchNorm2d(256, eps=1e-05, momentum=0.1, affine=True, track_running_stats=True)
      (shortcut): Sequential(
        (shortcut_conv): Conv2d(64, 256, kernel_size=(1, 1), stride=(1, 1), bias=False)
        (shortcut_bn): BatchNorm2d(256, eps=1e-05, momentum=0.1, affine=True, track_running_stats=True)
      )
    )
    (stage_1_bottleneck_1): ResNeXtBottleneck(
      (conv_reduce): Conv2d(256, 512, kernel_size=(1, 1), stride=(1, 1), bias=False)
      (bn_reduce): BatchNorm2d(512, eps=1e-05, momentum=0.1, affine=True, track_running_stats=True)
      (conv_conv): Conv2d(512, 512, kernel_size=(3, 3), stride=(1, 1), padding=(1, 1), groups=8, bias=False)
      (bn): BatchNorm2d(512, eps=1e-05, momentum=0.1, affine=True, track_running_stats=True)
      (conv_expand): Conv2d(512, 256, kernel_size=(1, 1), stride=(1, 1), bias=False)
      (bn_expand): BatchNorm2d(256, eps=1e-05, momentum=0.1, affine=True, track_running_stats=True)
      (shortcut): Sequential()
    )
    (stage_1_bottleneck_2): ResNeXtBottleneck(
      (conv_reduce): Conv2d(256, 512, kernel_size=(1, 1), stride=(1, 1), bias=False)
      (bn_reduce): BatchNorm2d(512, eps=1e-05, momentum=0.1, affine=True, track_running_stats=True)
      (conv_conv): Conv2d(512, 512, kernel_size=(3, 3), stride=(1, 1), padding=(1, 1), groups=8, bias=False)
      (bn): BatchNorm2d(512, eps=1e-05, momentum=0.1, affine=True, track_running_stats=True)
      (conv_expand): Conv2d(512, 256, kernel_size=(1, 1), stride=(1, 1), bias=False)
      (bn_expand): BatchNorm2d(256, eps=1e-05, momentum=0.1, affine=True, track_running_stats=True)
      (shortcut): Sequential()
    )
  )
  (stage_2): Sequential(
    (stage_2_bottleneck_0): ResNeXtBottleneck(
      (conv_reduce): Conv2d(256, 1024, kernel_size=(1, 1), stride=(1, 1), bias=False)
      (bn_reduce): BatchNorm2d(1024, eps=1e-05, momentum=0.1, affine=True, track_running_stats=True)
      (conv_conv): Conv2d(1024, 1024, kernel_size=(3, 3), stride=(2, 2), padding=(1, 1), groups=8, bias=False)
      (bn): BatchNorm2d(1024, eps=1e-05, momentum=0.1, affine=True, track_running_stats=True)
      (conv_expand): Conv2d(1024, 512, kernel_size=(1, 1), stride=(1, 1), bias=False)
      (bn_expand): BatchNorm2d(512, eps=1e-05, momentum=0.1, affine=True, track_running_stats=True)
      (shortcut): Sequential(
        (shortcut_conv): Conv2d(256, 512, kernel_size=(1, 1), stride=(2, 2), bias=False)
        (shortcut_bn): BatchNorm2d(512, eps=1e-05, momentum=0.1, affine=True, track_running_stats=True)
      )
    )
    (stage_2_bottleneck_1): ResNeXtBottleneck(
      (conv_reduce): Conv2d(512, 1024, kernel_size=(1, 1), stride=(1, 1), bias=False)
      (bn_reduce): BatchNorm2d(1024, eps=1e-05, momentum=0.1, affine=True, track_running_stats=True)
      (conv_conv): Conv2d(1024, 1024, kernel_size=(3, 3), stride=(1, 1), padding=(1, 1), groups=8, bias=False)
      (bn): BatchNorm2d(1024, eps=1e-05, momentum=0.1, affine=True, track_running_stats=True)
      (conv_expand): Conv2d(1024, 512, kernel_size=(1, 1), stride=(1, 1), bias=False)
      (bn_expand): BatchNorm2d(512, eps=1e-05, momentum=0.1, affine=True, track_running_stats=True)
      (shortcut): Sequential()
    )
    (stage_2_bottleneck_2): ResNeXtBottleneck(
      (conv_reduce): Conv2d(512, 1024, kernel_size=(1, 1), stride=(1, 1), bias=False)
      (bn_reduce): BatchNorm2d(1024, eps=1e-05, momentum=0.1, affine=True, track_running_stats=True)
      (conv_conv): Conv2d(1024, 1024, kernel_size=(3, 3), stride=(1, 1), padding=(1, 1), groups=8, bias=False)
      (bn): BatchNorm2d(1024, eps=1e-05, momentum=0.1, affine=True, track_running_stats=True)
      (conv_expand): Conv2d(1024, 512, kernel_size=(1, 1), stride=(1, 1), bias=False)
      (bn_expand): BatchNorm2d(512, eps=1e-05, momentum=0.1, affine=True, track_running_stats=True)
      (shortcut): Sequential()
    )
  )
  (stage_3): Sequential(
    (stage_3_bottleneck_0): ResNeXtBottleneck(
      (conv_reduce): Conv2d(512, 2048, kernel_size=(1, 1), stride=(1, 1), bias=False)
      (bn_reduce): BatchNorm2d(2048, eps=1e-05, momentum=0.1, affine=True, track_running_stats=True)
      (conv_conv): Conv2d(2048, 2048, kernel_size=(3, 3), stride=(2, 2), padding=(1, 1), groups=8, bias=False)
      (bn): BatchNorm2d(2048, eps=1e-05, momentum=0.1, affine=True, track_running_stats=True)
      (conv_expand): Conv2d(2048, 1024, kernel_size=(1, 1), stride=(1, 1), bias=False)
      (bn_expand): BatchNorm2d(1024, eps=1e-05, momentum=0.1, affine=True, track_running_stats=True)
      (shortcut): Sequential(
        (shortcut_conv): Conv2d(512, 1024, kernel_size=(1, 1), stride=(2, 2), bias=False)
        (shortcut_bn): BatchNorm2d(1024, eps=1e-05, momentum=0.1, affine=True, track_running_stats=True)
      )
    )
    (stage_3_bottleneck_1): ResNeXtBottleneck(
      (conv_reduce): Conv2d(1024, 2048, kernel_size=(1, 1), stride=(1, 1), bias=False)
      (bn_reduce): BatchNorm2d(2048, eps=1e-05, momentum=0.1, affine=True, track_running_stats=True)
      (conv_conv): Conv2d(2048, 2048, kernel_size=(3, 3), stride=(1, 1), padding=(1, 1), groups=8, bias=False)
      (bn): BatchNorm2d(2048, eps=1e-05, momentum=0.1, affine=True, track_running_stats=True)
      (conv_expand): Conv2d(2048, 1024, kernel_size=(1, 1), stride=(1, 1), bias=False)
      (bn_expand): BatchNorm2d(1024, eps=1e-05, momentum=0.1, affine=True, track_running_stats=True)
      (shortcut): Sequential()
    )
    (stage_3_bottleneck_2): ResNeXtBottleneck(
      (conv_reduce): Conv2d(1024, 2048, kernel_size=(1, 1), stride=(1, 1), bias=False)
      (bn_reduce): BatchNorm2d(2048, eps=1e-05, momentum=0.1, affine=True, track_running_stats=True)
      (conv_conv): Conv2d(2048, 2048, kernel_size=(3, 3), stride=(1, 1), padding=(1, 1), groups=8, bias=False)
      (bn): BatchNorm2d(2048, eps=1e-05, momentum=0.1, affine=True, track_running_stats=True)
      (conv_expand): Conv2d(2048, 1024, kernel_size=(1, 1), stride=(1, 1), bias=False)
      (bn_expand): BatchNorm2d(1024, eps=1e-05, momentum=0.1, affine=True, track_running_stats=True)
      (shortcut): Sequential()
    )
  )
  (classifier): Linear(in_features=1024, out_features=100, bias=True)
)
===> Pretrained weights found in total: [188]
===> Pre-trained model loaded: ./checkpoint/pretrain-cifar100-resnext.best.pth.tar

 | Global Training Round : 1 |

