2022-07-12-15_46_44

Experimental details:
    Model     : resnet18
    Optimizer : sgd
    Learning  : 0.01
    Global Rounds   : 30

    Federated parameters:
    IID
    Local Batch size   : 128
    Local Epochs       : 100

    num_users   : 16
ResNet(
  (conv1): Conv2d(3, 64, kernel_size=(3, 3), stride=(1, 1), padding=(1, 1), bias=False)
  (bn1): BatchNorm2d(64, eps=1e-05, momentum=0.1, affine=True, track_running_stats=True)
  (layer1): Sequential(
    (0): BasicBlock(
      (conv1): Conv2d(64, 64, kernel_size=(3, 3), stride=(1, 1), padding=(1, 1), bias=False)
      (bn1): BatchNorm2d(64, eps=1e-05, momentum=0.1, affine=True, track_running_stats=True)
      (conv2): Conv2d(64, 64, kernel_size=(3, 3), stride=(1, 1), padding=(1, 1), bias=False)
      (bn2): BatchNorm2d(64, eps=1e-05, momentum=0.1, affine=True, track_running_stats=True)
      (shortcut): Sequential()
    )
    (1): BasicBlock(
      (conv1): Conv2d(64, 64, kernel_size=(3, 3), stride=(1, 1), padding=(1, 1), bias=False)
      (bn1): BatchNorm2d(64, eps=1e-05, momentum=0.1, affine=True, track_running_stats=True)
      (conv2): Conv2d(64, 64, kernel_size=(3, 3), stride=(1, 1), padding=(1, 1), bias=False)
      (bn2): BatchNorm2d(64, eps=1e-05, momentum=0.1, affine=True, track_running_stats=True)
      (shortcut): Sequential()
    )
  )
  (layer2): Sequential(
    (0): BasicBlock(
      (conv1): Conv2d(64, 128, kernel_size=(3, 3), stride=(2, 2), padding=(1, 1), bias=False)
      (bn1): BatchNorm2d(128, eps=1e-05, momentum=0.1, affine=True, track_running_stats=True)
      (conv2): Conv2d(128, 128, kernel_size=(3, 3), stride=(1, 1), padding=(1, 1), bias=False)
      (bn2): BatchNorm2d(128, eps=1e-05, momentum=0.1, affine=True, track_running_stats=True)
      (shortcut): Sequential(
        (0): Conv2d(64, 128, kernel_size=(1, 1), stride=(2, 2), bias=False)
        (1): BatchNorm2d(128, eps=1e-05, momentum=0.1, affine=True, track_running_stats=True)
      )
    )
    (1): BasicBlock(
      (conv1): Conv2d(128, 128, kernel_size=(3, 3), stride=(1, 1), padding=(1, 1), bias=False)
      (bn1): BatchNorm2d(128, eps=1e-05, momentum=0.1, affine=True, track_running_stats=True)
      (conv2): Conv2d(128, 128, kernel_size=(3, 3), stride=(1, 1), padding=(1, 1), bias=False)
      (bn2): BatchNorm2d(128, eps=1e-05, momentum=0.1, affine=True, track_running_stats=True)
      (shortcut): Sequential()
    )
  )
  (layer3): Sequential(
    (0): BasicBlock(
      (conv1): Conv2d(128, 256, kernel_size=(3, 3), stride=(2, 2), padding=(1, 1), bias=False)
      (bn1): BatchNorm2d(256, eps=1e-05, momentum=0.1, affine=True, track_running_stats=True)
      (conv2): Conv2d(256, 256, kernel_size=(3, 3), stride=(1, 1), padding=(1, 1), bias=False)
      (bn2): BatchNorm2d(256, eps=1e-05, momentum=0.1, affine=True, track_running_stats=True)
      (shortcut): Sequential(
        (0): Conv2d(128, 256, kernel_size=(1, 1), stride=(2, 2), bias=False)
        (1): BatchNorm2d(256, eps=1e-05, momentum=0.1, affine=True, track_running_stats=True)
      )
    )
    (1): BasicBlock(
      (conv1): Conv2d(256, 256, kernel_size=(3, 3), stride=(1, 1), padding=(1, 1), bias=False)
      (bn1): BatchNorm2d(256, eps=1e-05, momentum=0.1, affine=True, track_running_stats=True)
      (conv2): Conv2d(256, 256, kernel_size=(3, 3), stride=(1, 1), padding=(1, 1), bias=False)
      (bn2): BatchNorm2d(256, eps=1e-05, momentum=0.1, affine=True, track_running_stats=True)
      (shortcut): Sequential()
    )
  )
  (layer4): Sequential(
    (0): BasicBlock(
      (conv1): Conv2d(256, 512, kernel_size=(3, 3), stride=(2, 2), padding=(1, 1), bias=False)
      (bn1): BatchNorm2d(512, eps=1e-05, momentum=0.1, affine=True, track_running_stats=True)
      (conv2): Conv2d(512, 512, kernel_size=(3, 3), stride=(1, 1), padding=(1, 1), bias=False)
      (bn2): BatchNorm2d(512, eps=1e-05, momentum=0.1, affine=True, track_running_stats=True)
      (shortcut): Sequential(
        (0): Conv2d(256, 512, kernel_size=(1, 1), stride=(2, 2), bias=False)
        (1): BatchNorm2d(512, eps=1e-05, momentum=0.1, affine=True, track_running_stats=True)
      )
    )
    (1): BasicBlock(
      (conv1): Conv2d(512, 512, kernel_size=(3, 3), stride=(1, 1), padding=(1, 1), bias=False)
      (bn1): BatchNorm2d(512, eps=1e-05, momentum=0.1, affine=True, track_running_stats=True)
      (conv2): Conv2d(512, 512, kernel_size=(3, 3), stride=(1, 1), padding=(1, 1), bias=False)
      (bn2): BatchNorm2d(512, eps=1e-05, momentum=0.1, affine=True, track_running_stats=True)
      (shortcut): Sequential()
    )
  )
  (linear): Linear(in_features=512, out_features=100, bias=True)
)

 | Global Training Round : 1 |

Global:0, user:0, size:3125 loss: 0.9312
Global:0, user:1, size:3125 loss: 0.9374
Global:0, user:2, size:3125 loss: 0.8791
Global:0, user:3, size:3125 loss: 0.9498
Global:0, user:4, size:3125 loss: 0.9109
Global:0, user:5, size:3125 loss: 0.9176
Global:0, user:6, size:3125 loss: 0.9684
Global:0, user:7, size:3125 loss: 0.9350
Global:0, user:8, size:3125 loss: 0.9524
Global:0, user:9, size:3125 loss: 0.9331
Global:0, user:10, size:3125 loss: 0.9402
Global:0, user:11, size:3125 loss: 0.9282
Global:0, user:12, size:3125 loss: 0.9432
Global:0, user:13, size:3125 loss: 0.9390
Global:0, user:14, size:3125 loss: 0.9029
Global:0, user:15, size:3125 loss: 0.9364
 
Avg Training Stats after 1 global rounds:
Training Loss : 0.9315442492234522
Train Accuracy: 2.06% 
Test Accuracy: 2.65% 
Best Test Accuracy: 2.65% 


 | Global Training Round : 2 |

Global:1, user:0, size:3125 loss: 0.4992
Global:1, user:1, size:3125 loss: 0.4990
Global:1, user:2, size:3125 loss: 0.4890
Global:1, user:3, size:3125 loss: 0.5130
Global:1, user:4, size:3125 loss: 0.4960
Global:1, user:5, size:3125 loss: 0.4940
Global:1, user:6, size:3125 loss: 0.4886
Global:1, user:7, size:3125 loss: 0.5046
Global:1, user:8, size:3125 loss: 0.5083
Global:1, user:9, size:3125 loss: 0.5122
Global:1, user:10, size:3125 loss: 0.5062
Global:1, user:11, size:3125 loss: 0.4916
Global:1, user:12, size:3125 loss: 0.4994
Global:1, user:13, size:3125 loss: 0.5009
Global:1, user:14, size:3125 loss: 0.4811
Global:1, user:15, size:3125 loss: 0.4910
 
Avg Training Stats after 2 global rounds:
Training Loss : 0.7149636655044742
Train Accuracy: 24.88% 
Test Accuracy: 27.47% 
Best Test Accuracy: 27.47% 


 | Global Training Round : 3 |

Global:2, user:0, size:3125 loss: 0.2451
Global:2, user:1, size:3125 loss: 0.2449
Global:2, user:2, size:3125 loss: 0.2398
Global:2, user:3, size:3125 loss: 0.2534
Global:2, user:4, size:3125 loss: 0.2456
Global:2, user:5, size:3125 loss: 0.2395
Global:2, user:6, size:3125 loss: 0.2437
Global:2, user:7, size:3125 loss: 0.2532
Global:2, user:8, size:3125 loss: 0.2452
Global:2, user:9, size:3125 loss: 0.2419
Global:2, user:10, size:3125 loss: 0.2547
Global:2, user:11, size:3125 loss: 0.2459
Global:2, user:12, size:3125 loss: 0.2485
Global:2, user:13, size:3125 loss: 0.2422
Global:2, user:14, size:3125 loss: 0.2377
Global:2, user:15, size:3125 loss: 0.2433
 
Avg Training Stats after 3 global rounds:
Training Loss : 0.5584014631780602
Train Accuracy: 49.96% 
Test Accuracy: 48.21% 
Best Test Accuracy: 48.21% 


 | Global Training Round : 4 |

Global:3, user:0, size:3125 loss: 0.1478
Global:3, user:1, size:3125 loss: 0.1486
Global:3, user:2, size:3125 loss: 0.1460
Global:3, user:3, size:3125 loss: 0.1550
Global:3, user:4, size:3125 loss: 0.1468
Global:3, user:5, size:3125 loss: 0.1455
Global:3, user:6, size:3125 loss: 0.1439
Global:3, user:7, size:3125 loss: 0.1506
Global:3, user:8, size:3125 loss: 0.1453
Global:3, user:9, size:3125 loss: 0.1464
Global:3, user:10, size:3125 loss: 0.1504
Global:3, user:11, size:3125 loss: 0.1472
Global:3, user:12, size:3125 loss: 0.1494
Global:3, user:13, size:3125 loss: 0.1489
Global:3, user:14, size:3125 loss: 0.1463
Global:3, user:15, size:3125 loss: 0.1494
 
Avg Training Stats after 4 global rounds:
Training Loss : 0.4557920187500538
Train Accuracy: 58.05% 
Test Accuracy: 54.35% 
Best Test Accuracy: 54.35% 


 | Global Training Round : 5 |

Global:4, user:0, size:3125 loss: 0.1107
Global:4, user:1, size:3125 loss: 0.1083
Global:4, user:2, size:3125 loss: 0.1051
Global:4, user:3, size:3125 loss: 0.1122
Global:4, user:4, size:3125 loss: 0.1068
Global:4, user:5, size:3125 loss: 0.1056
Global:4, user:6, size:3125 loss: 0.1073
Global:4, user:7, size:3125 loss: 0.1106
Global:4, user:8, size:3125 loss: 0.1077
Global:4, user:9, size:3125 loss: 0.1060
Global:4, user:10, size:3125 loss: 0.1092
Global:4, user:11, size:3125 loss: 0.1084
Global:4, user:12, size:3125 loss: 0.1138
Global:4, user:13, size:3125 loss: 0.1080
Global:4, user:14, size:3125 loss: 0.1041
Global:4, user:15, size:3125 loss: 0.1099
 
Avg Training Stats after 5 global rounds:
Training Loss : 0.3863035234134691
Train Accuracy: 63.10% 
Test Accuracy: 57.52% 
Best Test Accuracy: 57.52% 


 | Global Training Round : 6 |

Global:5, user:0, size:3125 loss: 0.0898
Global:5, user:1, size:3125 loss: 0.0856
Global:5, user:2, size:3125 loss: 0.0861
Global:5, user:3, size:3125 loss: 0.0880
Global:5, user:4, size:3125 loss: 0.0858
Global:5, user:5, size:3125 loss: 0.0859
Global:5, user:6, size:3125 loss: 0.0859
Global:5, user:7, size:3125 loss: 0.0900
Global:5, user:8, size:3125 loss: 0.0864
Global:5, user:9, size:3125 loss: 0.0848
Global:5, user:10, size:3125 loss: 0.0860
Global:5, user:11, size:3125 loss: 0.0855
Global:5, user:12, size:3125 loss: 0.0903
Global:5, user:13, size:3125 loss: 0.0841
Global:5, user:14, size:3125 loss: 0.0835
Global:5, user:15, size:3125 loss: 0.0860
 
Avg Training Stats after 6 global rounds:
Training Loss : 0.3363349973462968
Train Accuracy: 66.21% 
Test Accuracy: 59.65% 
Best Test Accuracy: 59.65% 


 | Global Training Round : 7 |

Global:6, user:0, size:3125 loss: 0.0719
Global:6, user:1, size:3125 loss: 0.0707
Global:6, user:2, size:3125 loss: 0.0709
Global:6, user:3, size:3125 loss: 0.0735
Global:6, user:4, size:3125 loss: 0.0708
Global:6, user:5, size:3125 loss: 0.0699
Global:6, user:6, size:3125 loss: 0.0712
Global:6, user:7, size:3125 loss: 0.0743
Global:6, user:8, size:3125 loss: 0.0716
Global:6, user:9, size:3125 loss: 0.0724
Global:6, user:10, size:3125 loss: 0.0711
Global:6, user:11, size:3125 loss: 0.0749
Global:6, user:12, size:3125 loss: 0.0740
Global:6, user:13, size:3125 loss: 0.0708
Global:6, user:14, size:3125 loss: 0.0692
Global:6, user:15, size:3125 loss: 0.0731
 
Avg Training Stats after 7 global rounds:
Training Loss : 0.2985572108521904
Train Accuracy: 69.79% 
Test Accuracy: 60.93% 
Best Test Accuracy: 60.93% 


 | Global Training Round : 8 |

Global:7, user:0, size:3125 loss: 0.0643
Global:7, user:1, size:3125 loss: 0.0620
Global:7, user:2, size:3125 loss: 0.0608
Global:7, user:3, size:3125 loss: 0.0636
Global:7, user:4, size:3125 loss: 0.0602
Global:7, user:5, size:3125 loss: 0.0614
Global:7, user:6, size:3125 loss: 0.0616
Global:7, user:7, size:3125 loss: 0.0654
Global:7, user:8, size:3125 loss: 0.0605
Global:7, user:9, size:3125 loss: 0.0603
Global:7, user:10, size:3125 loss: 0.0616
Global:7, user:11, size:3125 loss: 0.0635
Global:7, user:12, size:3125 loss: 0.0646
Global:7, user:13, size:3125 loss: 0.0624
Global:7, user:14, size:3125 loss: 0.0574
Global:7, user:15, size:3125 loss: 0.0628
 
Avg Training Stats after 8 global rounds:
Training Loss : 0.26899127731804184
Train Accuracy: 72.04% 
Test Accuracy: 62.43% 
Best Test Accuracy: 62.43% 


 | Global Training Round : 9 |

Global:8, user:0, size:3125 loss: 0.0552
Global:8, user:1, size:3125 loss: 0.0520
Global:8, user:2, size:3125 loss: 0.0537
Global:8, user:3, size:3125 loss: 0.0561
Global:8, user:4, size:3125 loss: 0.0537
Global:8, user:5, size:3125 loss: 0.0533
Global:8, user:6, size:3125 loss: 0.0554
Global:8, user:7, size:3125 loss: 0.0590
Global:8, user:8, size:3125 loss: 0.0533
Global:8, user:9, size:3125 loss: 0.0527
Global:8, user:10, size:3125 loss: 0.0535
Global:8, user:11, size:3125 loss: 0.0572
Global:8, user:12, size:3125 loss: 0.0575
Global:8, user:13, size:3125 loss: 0.0534
Global:8, user:14, size:3125 loss: 0.0530
Global:8, user:15, size:3125 loss: 0.0558
 
Avg Training Stats after 9 global rounds:
Training Loss : 0.24517798213382808
Train Accuracy: 73.48% 
Test Accuracy: 63.38% 
Best Test Accuracy: 63.38% 


 | Global Training Round : 10 |

Global:9, user:0, size:3125 loss: 0.0505
Global:9, user:1, size:3125 loss: 0.0475
Global:9, user:2, size:3125 loss: 0.0483
Global:9, user:3, size:3125 loss: 0.0503
Global:9, user:4, size:3125 loss: 0.0481
Global:9, user:5, size:3125 loss: 0.0469
Global:9, user:6, size:3125 loss: 0.0483
Global:9, user:7, size:3125 loss: 0.0505
Global:9, user:8, size:3125 loss: 0.0482
Global:9, user:9, size:3125 loss: 0.0472
Global:9, user:10, size:3125 loss: 0.0476
Global:9, user:11, size:3125 loss: 0.0491
Global:9, user:12, size:3125 loss: 0.0512
Global:9, user:13, size:3125 loss: 0.0479
Global:9, user:14, size:3125 loss: 0.0452
Global:9, user:15, size:3125 loss: 0.0509
 
Avg Training Stats after 10 global rounds:
Training Loss : 0.22552163175766152
Train Accuracy: 75.20% 
Test Accuracy: 64.43% 
Best Test Accuracy: 64.43% 


 | Global Training Round : 11 |

Global:10, user:0, size:3125 loss: 0.0435
Global:10, user:1, size:3125 loss: 0.0431
Global:10, user:2, size:3125 loss: 0.0444
Global:10, user:3, size:3125 loss: 0.0452
Global:10, user:4, size:3125 loss: 0.0432
Global:10, user:5, size:3125 loss: 0.0430
Global:10, user:6, size:3125 loss: 0.0449
Global:10, user:7, size:3125 loss: 0.0448
Global:10, user:8, size:3125 loss: 0.0431
Global:10, user:9, size:3125 loss: 0.0411
Global:10, user:10, size:3125 loss: 0.0437
Global:10, user:11, size:3125 loss: 0.0450
Global:10, user:12, size:3125 loss: 0.0465
Global:10, user:13, size:3125 loss: 0.0434
Global:10, user:14, size:3125 loss: 0.0409
Global:10, user:15, size:3125 loss: 0.0432
 
Avg Training Stats after 11 global rounds:
Training Loss : 0.20899186576759543
Train Accuracy: 76.90% 
Test Accuracy: 64.76% 
Best Test Accuracy: 64.76% 


 | Global Training Round : 12 |

Global:11, user:0, size:3125 loss: 0.0398
Global:11, user:1, size:3125 loss: 0.0399
Global:11, user:2, size:3125 loss: 0.0393
Global:11, user:3, size:3125 loss: 0.0405
Global:11, user:4, size:3125 loss: 0.0387
Global:11, user:5, size:3125 loss: 0.0411
Global:11, user:6, size:3125 loss: 0.0382
Global:11, user:7, size:3125 loss: 0.0413
Global:11, user:8, size:3125 loss: 0.0395
Global:11, user:9, size:3125 loss: 0.0380
Global:11, user:10, size:3125 loss: 0.0404
Global:11, user:11, size:3125 loss: 0.0409
Global:11, user:12, size:3125 loss: 0.0407
Global:11, user:13, size:3125 loss: 0.0397
Global:11, user:14, size:3125 loss: 0.0397
Global:11, user:15, size:3125 loss: 0.0398
 
Avg Training Stats after 12 global rounds:
Training Loss : 0.19489634668487898
Train Accuracy: 78.61% 
Test Accuracy: 65.38% 
Best Test Accuracy: 65.38% 


 | Global Training Round : 13 |

Global:12, user:0, size:3125 loss: 0.0369
Global:12, user:1, size:3125 loss: 0.0360
Global:12, user:2, size:3125 loss: 0.0366
Global:12, user:3, size:3125 loss: 0.0360
Global:12, user:4, size:3125 loss: 0.0352
Global:12, user:5, size:3125 loss: 0.0359
Global:12, user:6, size:3125 loss: 0.0363
Global:12, user:7, size:3125 loss: 0.0379
Global:12, user:8, size:3125 loss: 0.0359
Global:12, user:9, size:3125 loss: 0.0345
Global:12, user:10, size:3125 loss: 0.0355
Global:12, user:11, size:3125 loss: 0.0375
Global:12, user:12, size:3125 loss: 0.0370
Global:12, user:13, size:3125 loss: 0.0360
Global:12, user:14, size:3125 loss: 0.0343
Global:12, user:15, size:3125 loss: 0.0362
 
Avg Training Stats after 13 global rounds:
Training Loss : 0.18268112466100941
Train Accuracy: 79.89% 
Test Accuracy: 66.03% 
Best Test Accuracy: 66.03% 


 | Global Training Round : 14 |

Global:13, user:0, size:3125 loss: 0.0337
Global:13, user:1, size:3125 loss: 0.0317
Global:13, user:2, size:3125 loss: 0.0333
Global:13, user:3, size:3125 loss: 0.0328
Global:13, user:4, size:3125 loss: 0.0321
Global:13, user:5, size:3125 loss: 0.0322
Global:13, user:6, size:3125 loss: 0.0333
Global:13, user:7, size:3125 loss: 0.0344
Global:13, user:8, size:3125 loss: 0.0321
Global:13, user:9, size:3125 loss: 0.0330
Global:13, user:10, size:3125 loss: 0.0326
Global:13, user:11, size:3125 loss: 0.0339
Global:13, user:12, size:3125 loss: 0.0345
Global:13, user:13, size:3125 loss: 0.0328
Global:13, user:14, size:3125 loss: 0.0321
Global:13, user:15, size:3125 loss: 0.0329
 
Avg Training Stats after 14 global rounds:
Training Loss : 0.17198772675997104
Train Accuracy: 81.45% 
Test Accuracy: 66.50% 
Best Test Accuracy: 66.50% 


 | Global Training Round : 15 |

Global:14, user:0, size:3125 loss: 0.0303
Global:14, user:1, size:3125 loss: 0.0291
Global:14, user:2, size:3125 loss: 0.0304
Global:14, user:3, size:3125 loss: 0.0310
Global:14, user:4, size:3125 loss: 0.0281
Global:14, user:5, size:3125 loss: 0.0288
Global:14, user:6, size:3125 loss: 0.0300
Global:14, user:7, size:3125 loss: 0.0319
Global:14, user:8, size:3125 loss: 0.0297
Global:14, user:9, size:3125 loss: 0.0294
Global:14, user:10, size:3125 loss: 0.0289
Global:14, user:11, size:3125 loss: 0.0320
Global:14, user:12, size:3125 loss: 0.0309
Global:14, user:13, size:3125 loss: 0.0288
Global:14, user:14, size:3125 loss: 0.0285
Global:14, user:15, size:3125 loss: 0.0308
 
Avg Training Stats after 15 global rounds:
Training Loss : 0.16251623760094921
Train Accuracy: 82.41% 
Test Accuracy: 66.94% 
Best Test Accuracy: 66.94% 


 | Global Training Round : 16 |

Global:15, user:0, size:3125 loss: 0.0277
Global:15, user:1, size:3125 loss: 0.0263
Global:15, user:2, size:3125 loss: 0.0274
Global:15, user:3, size:3125 loss: 0.0282
Global:15, user:4, size:3125 loss: 0.0259
Global:15, user:5, size:3125 loss: 0.0260
Global:15, user:6, size:3125 loss: 0.0275
Global:15, user:7, size:3125 loss: 0.0293
Global:15, user:8, size:3125 loss: 0.0275
Global:15, user:9, size:3125 loss: 0.0258
Global:15, user:10, size:3125 loss: 0.0273
Global:15, user:11, size:3125 loss: 0.0276
Global:15, user:12, size:3125 loss: 0.0295
Global:15, user:13, size:3125 loss: 0.0273
Global:15, user:14, size:3125 loss: 0.0253
Global:15, user:15, size:3125 loss: 0.0278
 
Avg Training Stats after 16 global rounds:
Training Loss : 0.1540636643674321
Train Accuracy: 83.81% 
Test Accuracy: 67.31% 
Best Test Accuracy: 67.31% 


 | Global Training Round : 17 |

Global:16, user:0, size:3125 loss: 0.0241
Global:16, user:1, size:3125 loss: 0.0243
Global:16, user:2, size:3125 loss: 0.0262
Global:16, user:3, size:3125 loss: 0.0252
Global:16, user:4, size:3125 loss: 0.0231
Global:16, user:5, size:3125 loss: 0.0235
Global:16, user:6, size:3125 loss: 0.0252
Global:16, user:7, size:3125 loss: 0.0265
Global:16, user:8, size:3125 loss: 0.0256
Global:16, user:9, size:3125 loss: 0.0243
Global:16, user:10, size:3125 loss: 0.0238
Global:16, user:11, size:3125 loss: 0.0258
Global:16, user:12, size:3125 loss: 0.0255
Global:16, user:13, size:3125 loss: 0.0244
Global:16, user:14, size:3125 loss: 0.0230
Global:16, user:15, size:3125 loss: 0.0255
 
Avg Training Stats after 17 global rounds:
Training Loss : 0.14645639807974803
Train Accuracy: 85.32% 
Test Accuracy: 67.46% 
Best Test Accuracy: 67.46% 


 | Global Training Round : 18 |

Global:17, user:0, size:3125 loss: 0.0231
Global:17, user:1, size:3125 loss: 0.0228
Global:17, user:2, size:3125 loss: 0.0236
Global:17, user:3, size:3125 loss: 0.0227
Global:17, user:4, size:3125 loss: 0.0214
Global:17, user:5, size:3125 loss: 0.0216
Global:17, user:6, size:3125 loss: 0.0230
Global:17, user:7, size:3125 loss: 0.0244
Global:17, user:8, size:3125 loss: 0.0222
Global:17, user:9, size:3125 loss: 0.0211
Global:17, user:10, size:3125 loss: 0.0226
Global:17, user:11, size:3125 loss: 0.0232
Global:17, user:12, size:3125 loss: 0.0243
Global:17, user:13, size:3125 loss: 0.0225
Global:17, user:14, size:3125 loss: 0.0207
Global:17, user:15, size:3125 loss: 0.0224
 
Avg Training Stats after 18 global rounds:
Training Loss : 0.1395753876198046
Train Accuracy: 86.28% 
Test Accuracy: 67.71% 
Best Test Accuracy: 67.71% 


 | Global Training Round : 19 |

Global:18, user:0, size:3125 loss: 0.0198
Global:18, user:1, size:3125 loss: 0.0197
Global:18, user:2, size:3125 loss: 0.0210
Global:18, user:3, size:3125 loss: 0.0204
Global:18, user:4, size:3125 loss: 0.0200
Global:18, user:5, size:3125 loss: 0.0197
Global:18, user:6, size:3125 loss: 0.0196
Global:18, user:7, size:3125 loss: 0.0206
Global:18, user:8, size:3125 loss: 0.0204
Global:18, user:9, size:3125 loss: 0.0193
Global:18, user:10, size:3125 loss: 0.0198
Global:18, user:11, size:3125 loss: 0.0209
Global:18, user:12, size:3125 loss: 0.0213
Global:18, user:13, size:3125 loss: 0.0205
Global:18, user:14, size:3125 loss: 0.0194
Global:18, user:15, size:3125 loss: 0.0201
 
Avg Training Stats after 19 global rounds:
Training Loss : 0.13329061542028164
Train Accuracy: 87.46% 
Test Accuracy: 67.77% 
Best Test Accuracy: 67.77% 


 | Global Training Round : 20 |

Global:19, user:0, size:3125 loss: 0.0182
Global:19, user:1, size:3125 loss: 0.0183
Global:19, user:2, size:3125 loss: 0.0199
Global:19, user:3, size:3125 loss: 0.0191
Global:19, user:4, size:3125 loss: 0.0178
Global:19, user:5, size:3125 loss: 0.0181
Global:19, user:6, size:3125 loss: 0.0182
Global:19, user:7, size:3125 loss: 0.0195
Global:19, user:8, size:3125 loss: 0.0182
Global:19, user:9, size:3125 loss: 0.0180
Global:19, user:10, size:3125 loss: 0.0172
Global:19, user:11, size:3125 loss: 0.0191
Global:19, user:12, size:3125 loss: 0.0196
Global:19, user:13, size:3125 loss: 0.0181
Global:19, user:14, size:3125 loss: 0.0169
Global:19, user:15, size:3125 loss: 0.0186
 
Avg Training Stats after 20 global rounds:
Training Loss : 0.1275474050158297
Train Accuracy: 88.76% 
Test Accuracy: 68.12% 
Best Test Accuracy: 68.12% 


 | Global Training Round : 21 |

Global:20, user:0, size:3125 loss: 0.0167
Global:20, user:1, size:3125 loss: 0.0165
Global:20, user:2, size:3125 loss: 0.0177
Global:20, user:3, size:3125 loss: 0.0168
Global:20, user:4, size:3125 loss: 0.0163
Global:20, user:5, size:3125 loss: 0.0160
Global:20, user:6, size:3125 loss: 0.0170
Global:20, user:7, size:3125 loss: 0.0180
Global:20, user:8, size:3125 loss: 0.0172
Global:20, user:9, size:3125 loss: 0.0164
Global:20, user:10, size:3125 loss: 0.0166
Global:20, user:11, size:3125 loss: 0.0173
Global:20, user:12, size:3125 loss: 0.0186
Global:20, user:13, size:3125 loss: 0.0167
Global:20, user:14, size:3125 loss: 0.0163
Global:20, user:15, size:3125 loss: 0.0171
 
Avg Training Stats after 21 global rounds:
Training Loss : 0.12228109072492696
Train Accuracy: 89.90% 
Test Accuracy: 68.32% 
Best Test Accuracy: 68.32% 


 | Global Training Round : 22 |

Global:21, user:0, size:3125 loss: 0.0161
Global:21, user:1, size:3125 loss: 0.0153
Global:21, user:2, size:3125 loss: 0.0165
Global:21, user:3, size:3125 loss: 0.0161
Global:21, user:4, size:3125 loss: 0.0157
Global:21, user:5, size:3125 loss: 0.0154
Global:21, user:6, size:3125 loss: 0.0160
Global:21, user:7, size:3125 loss: 0.0162
Global:21, user:8, size:3125 loss: 0.0156
Global:21, user:9, size:3125 loss: 0.0160
Global:21, user:10, size:3125 loss: 0.0150
Global:21, user:11, size:3125 loss: 0.0161
Global:21, user:12, size:3125 loss: 0.0165
Global:21, user:13, size:3125 loss: 0.0155
Global:21, user:14, size:3125 loss: 0.0147
Global:21, user:15, size:3125 loss: 0.0162
 
Avg Training Stats after 22 global rounds:
Training Loss : 0.11744098157586134
Train Accuracy: 91.01% 
Test Accuracy: 68.35% 
Best Test Accuracy: 68.35% 


 | Global Training Round : 23 |

Global:22, user:0, size:3125 loss: 0.0150
Global:22, user:1, size:3125 loss: 0.0146
Global:22, user:2, size:3125 loss: 0.0156
Global:22, user:3, size:3125 loss: 0.0146
Global:22, user:4, size:3125 loss: 0.0142
Global:22, user:5, size:3125 loss: 0.0144
Global:22, user:6, size:3125 loss: 0.0149
Global:22, user:7, size:3125 loss: 0.0155
Global:22, user:8, size:3125 loss: 0.0147
Global:22, user:9, size:3125 loss: 0.0149
Global:22, user:10, size:3125 loss: 0.0149
Global:22, user:11, size:3125 loss: 0.0151
Global:22, user:12, size:3125 loss: 0.0160
Global:22, user:13, size:3125 loss: 0.0146
Global:22, user:14, size:3125 loss: 0.0142
Global:22, user:15, size:3125 loss: 0.0151
 
Avg Training Stats after 23 global rounds:
Training Loss : 0.11298270874020133
Train Accuracy: 91.85% 
Test Accuracy: 68.58% 
Best Test Accuracy: 68.58% 


 | Global Training Round : 24 |

Global:23, user:0, size:3125 loss: 0.0146
Global:23, user:1, size:3125 loss: 0.0142
Global:23, user:2, size:3125 loss: 0.0149
Global:23, user:3, size:3125 loss: 0.0151
Global:23, user:4, size:3125 loss: 0.0138
Global:23, user:5, size:3125 loss: 0.0142
Global:23, user:6, size:3125 loss: 0.0145
Global:23, user:7, size:3125 loss: 0.0153
Global:23, user:8, size:3125 loss: 0.0144
Global:23, user:9, size:3125 loss: 0.0146
Global:23, user:10, size:3125 loss: 0.0139
Global:23, user:11, size:3125 loss: 0.0150
Global:23, user:12, size:3125 loss: 0.0160
Global:23, user:13, size:3125 loss: 0.0142
Global:23, user:14, size:3125 loss: 0.0136
Global:23, user:15, size:3125 loss: 0.0149
 
Avg Training Stats after 24 global rounds:
Training Loss : 0.10888223921577896
Train Accuracy: 92.31% 
Test Accuracy: 68.74% 
Best Test Accuracy: 68.74% 


 | Global Training Round : 25 |

Global:24, user:0, size:3125 loss: 0.0148
Global:24, user:1, size:3125 loss: 0.0143
Global:24, user:2, size:3125 loss: 0.0154
Global:24, user:3, size:3125 loss: 0.0148
Global:24, user:4, size:3125 loss: 0.0142
Global:24, user:5, size:3125 loss: 0.0146
Global:24, user:6, size:3125 loss: 0.0147
Global:24, user:7, size:3125 loss: 0.0155
Global:24, user:8, size:3125 loss: 0.0149
Global:24, user:9, size:3125 loss: 0.0147
Global:24, user:10, size:3125 loss: 0.0140
Global:24, user:11, size:3125 loss: 0.0150
Global:24, user:12, size:3125 loss: 0.0161
Global:24, user:13, size:3125 loss: 0.0146
Global:24, user:14, size:3125 loss: 0.0141
Global:24, user:15, size:3125 loss: 0.0149
 
Avg Training Stats after 25 global rounds:
Training Loss : 0.10511832511790528
Train Accuracy: 93.35% 
Test Accuracy: 68.67% 
Best Test Accuracy: 68.74% 


 | Global Training Round : 26 |

Global:25, user:0, size:3125 loss: 0.0160
Global:25, user:1, size:3125 loss: 0.0155
Global:25, user:2, size:3125 loss: 0.0166
Global:25, user:3, size:3125 loss: 0.0160
Global:25, user:4, size:3125 loss: 0.0154
Global:25, user:5, size:3125 loss: 0.0154
Global:25, user:6, size:3125 loss: 0.0158
Global:25, user:7, size:3125 loss: 0.0167
Global:25, user:8, size:3125 loss: 0.0158
Global:25, user:9, size:3125 loss: 0.0159
Global:25, user:10, size:3125 loss: 0.0152
Global:25, user:11, size:3125 loss: 0.0160
Global:25, user:12, size:3125 loss: 0.0171
Global:25, user:13, size:3125 loss: 0.0154
Global:25, user:14, size:3125 loss: 0.0153
Global:25, user:15, size:3125 loss: 0.0162
 
Avg Training Stats after 26 global rounds:
Training Loss : 0.1016864085848666
Train Accuracy: 94.27% 
Test Accuracy: 68.54% 
Best Test Accuracy: 68.74% 


 | Global Training Round : 27 |

Global:26, user:0, size:3125 loss: 0.0183
Global:26, user:1, size:3125 loss: 0.0177
Global:26, user:2, size:3125 loss: 0.0190
Global:26, user:3, size:3125 loss: 0.0184
Global:26, user:4, size:3125 loss: 0.0179
Global:26, user:5, size:3125 loss: 0.0179
Global:26, user:6, size:3125 loss: 0.0180
Global:26, user:7, size:3125 loss: 0.0190
Global:26, user:8, size:3125 loss: 0.0182
Global:26, user:9, size:3125 loss: 0.0181
Global:26, user:10, size:3125 loss: 0.0178
Global:26, user:11, size:3125 loss: 0.0184
Global:26, user:12, size:3125 loss: 0.0194
Global:26, user:13, size:3125 loss: 0.0179
Global:26, user:14, size:3125 loss: 0.0178
Global:26, user:15, size:3125 loss: 0.0186
 
Avg Training Stats after 27 global rounds:
Training Loss : 0.09859732638669051
Train Accuracy: 94.71% 
Test Accuracy: 68.52% 
Best Test Accuracy: 68.74% 


 | Global Training Round : 28 |

Global:27, user:0, size:3125 loss: 0.0234
Global:27, user:1, size:3125 loss: 0.0224
Global:27, user:2, size:3125 loss: 0.0237
Global:27, user:3, size:3125 loss: 0.0232
Global:27, user:4, size:3125 loss: 0.0226
Global:27, user:5, size:3125 loss: 0.0228
Global:27, user:6, size:3125 loss: 0.0231
Global:27, user:7, size:3125 loss: 0.0236
Global:27, user:8, size:3125 loss: 0.0229
Global:27, user:9, size:3125 loss: 0.0229
Global:27, user:10, size:3125 loss: 0.0224
Global:27, user:11, size:3125 loss: 0.0233
Global:27, user:12, size:3125 loss: 0.0243
Global:27, user:13, size:3125 loss: 0.0227
Global:27, user:14, size:3125 loss: 0.0222
Global:27, user:15, size:3125 loss: 0.0234
 
Avg Training Stats after 28 global rounds:
Training Loss : 0.09589944910552702
Train Accuracy: 95.29% 
Test Accuracy: 68.49% 
Best Test Accuracy: 68.74% 


 | Global Training Round : 29 |

Global:28, user:0, size:3125 loss: 0.0340
Global:28, user:1, size:3125 loss: 0.0327
Global:28, user:2, size:3125 loss: 0.0346
Global:28, user:3, size:3125 loss: 0.0340
Global:28, user:4, size:3125 loss: 0.0329
Global:28, user:5, size:3125 loss: 0.0332
Global:28, user:6, size:3125 loss: 0.0334
Global:28, user:7, size:3125 loss: 0.0344
Global:28, user:8, size:3125 loss: 0.0335
Global:28, user:9, size:3125 loss: 0.0336
Global:28, user:10, size:3125 loss: 0.0329
Global:28, user:11, size:3125 loss: 0.0342
Global:28, user:12, size:3125 loss: 0.0350
Global:28, user:13, size:3125 loss: 0.0333
Global:28, user:14, size:3125 loss: 0.0319
Global:28, user:15, size:3125 loss: 0.0344
 
Avg Training Stats after 29 global rounds:
Training Loss : 0.09375219158928247
Train Accuracy: 95.61% 
Test Accuracy: 68.54% 
Best Test Accuracy: 68.74% 


 | Global Training Round : 30 |

Global:29, user:0, size:3125 loss: 0.0666
Global:29, user:1, size:3125 loss: 0.0634
Global:29, user:2, size:3125 loss: 0.0665
Global:29, user:3, size:3125 loss: 0.0667
Global:29, user:4, size:3125 loss: 0.0637
Global:29, user:5, size:3125 loss: 0.0639
Global:29, user:6, size:3125 loss: 0.0651
Global:29, user:7, size:3125 loss: 0.0663
Global:29, user:8, size:3125 loss: 0.0654
Global:29, user:9, size:3125 loss: 0.0653
Global:29, user:10, size:3125 loss: 0.0638
Global:29, user:11, size:3125 loss: 0.0661
Global:29, user:12, size:3125 loss: 0.0670
Global:29, user:13, size:3125 loss: 0.0652
Global:29, user:14, size:3125 loss: 0.0621
Global:29, user:15, size:3125 loss: 0.0665
 
Avg Training Stats after 30 global rounds:
Training Loss : 0.09280150171294917
Train Accuracy: 96.01% 
Test Accuracy: 68.49% 
Best Test Accuracy: 68.74% 

 
 Results after 30 global rounds of training:
|---- Avg Train Accuracy: 96.01%
|---- Test Accuracy: 68.49%

 Total Run Time: 115821.3390
